<!DOCTYPE html>
<html>
<head>
    <link rel="shortcut icon" href="https://2-dom-2.ru/favicon.ico" />
<meta http-equiv="Content-Type" content="text/html; charset=windows-1251" />
<title>Дом 2 свежие серии смотреть онлайн бесплатно</title>
<meta name="description" content="Смотрите на нашем сайте самые последние серии и выпуски реалити шоу &quot;Дом-2&quot; раньше чем на других сайтах" />
<meta name="keywords" content="Дом 2, свежие серии, последние выпуски, онлайн, без регистрации, бесплатно" />
<link rel="search" type="application/opensearchdescription+xml" href="http://2-dom-2.su/engine/opensearch.php" title="Дом 2 свежие серии смотреть онлайн бесплатно" />
<link rel="alternate" type="application/rss+xml" title="Дом 2 свежие серии смотреть онлайн бесплатно" href="http://2-dom-2.su/rss.xml" />
<script type="text/javascript" src="/engine/classes/min/index.php?charset=windows-1251&amp;g=general&amp;20"></script>
<link media="screen" href="/engine/editor/css/default.css" type="text/css" rel="stylesheet" />
    <meta name="yandex-verification" content="475717d1dd6080ed" />
<meta name="google-site-verification" content="6eD9lj7FQ-UewdqZ0Z6K5KLoXtxP5aw9actcFxdHNUQ" />
    <meta name="viewport" content="width=device-width, initial-scale=1.0">
 <meta name='wmail-verification' content='e04385eb8df39534e8a87ff4ce097782' />

    
</head>
<body>

    
    
<div class="wrp">
<div id="shapka">
<!--noindex--><a href="/" rel="nofollow"><img style="margin-top:16px;" alt="Дом-2 смотреть онлайн!" src="/templates/Default/img2/logo7.jpg" width="300" height="34"></a><!--/noindex-->
<div class="clr"></div>					
</div>
   <!-- Yandex.RTB R-A-239865-12 -->
<div id="yandex_rtb_R-A-239865-12"></div>
<script type="text/javascript">
    (function(w, d, n, s, t) {
        w[n] = w[n] || [];
        w[n].push(function() {
            Ya.Context.AdvManager.render({
                blockId: "R-A-239865-12",
                renderTo: "yandex_rtb_R-A-239865-12",
                async: true
            });
        });
        t = d.getElementsByTagName("script")[0];
        s = d.createElement("script");
        s.type = "text/javascript";
        s.src = "//an.yandex.ru/system/context.js";
        s.async = true;
        t.parentNode.insertBefore(s, t);
    })(this, this.document, "yandexContextAsyncCallbacks");
</script>
    
   
    
    
<div class="body">
   <div id="content" class="lcol">
       
  <noindex><center>
<iframe id="adv_kod_frame" src="//vidroll.ru/kod.php?param=5a7876697868373052524e7350486b752f2f415a31634d69322b36514d4e3753654652324e3637366a754b3832704d374877633d" width="550" height="350" frameborder="0" scrolling="no" allowfullscreen="true"></iframe><script type="text/javascript" src="//videoroll.net/player_html5/iframeobrabotchik.js"></script>
   
      </center>
    </noindex> 
    <nav>
				<ul class="menu">
					<li id="lid1"><a href="/">Эфиры Дом-2</a></li>
					<li id="lid9"><a href="/dom-2-novosti-i-sluhi/">Новости / Слухи Дом-2</a></li>
                    <li id="lid9"><a href="anons-dom-2-na-zavtra-anons-na-segodnya-smotret-on">Анонсы Дом-2</a></li>  
                 <li id="lid9"><a href="/foto-uchasnikov-shou-dom-2/">Фото участников</a></li>  
                  <br>  <li id="lid9"><a href="/serialy-tnt/">Сериалы и телепередачи</a></li>  
                    
               </ul>
			</nav>

    
<div class="fntzag"><h1>Дом 2 свежие серии</h1></div>
        
       
 	
   
       
       <br>
  
       <!-- Yandex.RTB R-A-239865-6 -->
<div id="yandex_rtb_R-A-239865-6"></div>
<script type="text/javascript">
    (function(w, d, n, s, t) {
        w[n] = w[n] || [];
        w[n].push(function() {
            Ya.Context.AdvManager.render({
                blockId: "R-A-239865-6",
                renderTo: "yandex_rtb_R-A-239865-6",
                horizontalAlign: false,
                async: true
            });
        });
        t = d.getElementsByTagName("script")[0];
        s = d.createElement("script");
        s.type = "text/javascript";
        s.src = "//an.yandex.ru/system/context.js";
        s.async = true;
        t.parentNode.insertBefore(s, t);
    })(this, this.document, "yandexContextAsyncCallbacks");
</script>
       <br>
      
       
						
<div id='dle-content'><div class="post">	
<div class="short-img"><a href="http://2-dom-2.su/11991-dom-2-gorod-lyubvi-17032018-vecherniy-efir.html"><img src="/uploads/1489169400_vecherniy.jpg" alt="Дом-2 Город любви 17.03.2018 Вечерний эфир"></a></div>
<div class="post-head"><a href="http://2-dom-2.su/11991-dom-2-gorod-lyubvi-17032018-vecherniy-efir.html">Дом-2 Город любви 17.03.2018 Вечерний эфир</a></div>
<div class="post-info"><i class="fa fa-clock-o"></i> Сегодня, 15:43  <i class="fa fa-bars" style="margin-left:15px;"></i> Эфиры</div>
</div><div class="post">	
<div class="short-img"><a href="http://2-dom-2.su/11979-dom-2-ostrov-lyubvi-1-sezon-556-seriya-17032018.html"><img src="/uploads/ostrov-zastavka.jpg" alt="Дом 2 Остров Любви 1 сезон 556 Серия 17.03.2018"></a></div>
<div class="post-head"><a href="http://2-dom-2.su/11979-dom-2-ostrov-lyubvi-1-sezon-556-seriya-17032018.html">Дом 2 Остров Любви 1 сезон 556 Серия 17.03.2018</a></div>
<div class="post-info"><i class="fa fa-clock-o"></i> Вчера, 23:58  <i class="fa fa-bars" style="margin-left:15px;"></i> Эфиры</div>
</div><div class="post">	
<div class="short-img"><a href="http://2-dom-2.su/11978-dom-2-lite-ot-17032018-dnevnoy-efir-layt.html"><img src="/uploads/dom-2-lite-smotret-onlayn.JPG" alt="Дом-2 Lite от 17.03.2018 Дневной эфир (Лайт)"></a></div>
<div class="post-head"><a href="http://2-dom-2.su/11978-dom-2-lite-ot-17032018-dnevnoy-efir-layt.html">Дом-2 Lite от 17.03.2018 Дневной эфир (Лайт)</a></div>
<div class="post-info"><i class="fa fa-clock-o"></i> Вчера, 23:57  <i class="fa fa-bars" style="margin-left:15px;"></i> Эфиры</div>
</div><div class="post">	
<div class="short-img"><a href="http://2-dom-2.su/anons-dom-2-na-zavtra-anons-na-segodnya-smotret-on/11969-anons-efira-dom-2-na-17032018.html"><img src="/uploads/posts/2018-03/thumbs/1521214453_anons.jpg" alt="Анонс эфира Дом-2 на 17.03.2018"></a></div>
<div class="post-head"><a href="http://2-dom-2.su/anons-dom-2-na-zavtra-anons-na-segodnya-smotret-on/11969-anons-efira-dom-2-na-17032018.html">Анонс эфира Дом-2 на 17.03.2018</a></div>
<div class="post-info"><i class="fa fa-clock-o"></i> Вчера, 18:33  <i class="fa fa-bars" style="margin-left:15px;"></i> Эфиры</div>
</div><div class="post">	
<div class="short-img"><a href="http://2-dom-2.su/11968-dom-2-posle-zakata-16032018-nochnoy-efir.html"><img src="/uploads/dom-2-posle-zakata-smotret-onlayn.JPG" alt="Дом 2 После заката 16.03.2018 Ночной эфир"></a></div>
<div class="post-head"><a href="http://2-dom-2.su/11968-dom-2-posle-zakata-16032018-nochnoy-efir.html">Дом 2 После заката 16.03.2018 Ночной эфир</a></div>
<div class="post-info"><i class="fa fa-clock-o"></i> Вчера, 17:01  <i class="fa fa-bars" style="margin-left:15px;"></i> Эфиры</div>
</div><div class="post">	
<div class="short-img"><a href="http://2-dom-2.su/11967-dom-2-gorod-lyubvi-16032018-vecherniy-efir.html"><img src="/uploads/1489169400_vecherniy.jpg" alt="Дом-2 Город любви 16.03.2018 Вечерний эфир"></a></div>
<div class="post-head"><a href="http://2-dom-2.su/11967-dom-2-gorod-lyubvi-16032018-vecherniy-efir.html">Дом-2 Город любви 16.03.2018 Вечерний эфир</a></div>
<div class="post-info"><i class="fa fa-clock-o"></i> Вчера, 15:32  <i class="fa fa-bars" style="margin-left:15px;"></i> Эфиры</div>
</div><div class="post">	
<div class="short-img"><a href="http://2-dom-2.su/11962-dom-2-ostrov-lyubvi-1-sezon-555-seriya-16032018.html"><img src="/uploads/ostrov-zastavka.jpg" alt="Дом 2 Остров Любви 1 сезон 555 Серия 16.03.2018"></a></div>
<div class="post-head"><a href="http://2-dom-2.su/11962-dom-2-ostrov-lyubvi-1-sezon-555-seriya-16032018.html">Дом 2 Остров Любви 1 сезон 555 Серия 16.03.2018</a></div>
<div class="post-info"><i class="fa fa-clock-o"></i> 15-03-2018, 23:46  <i class="fa fa-bars" style="margin-left:15px;"></i> Эфиры</div>
</div><div class="post">	
<div class="short-img"><a href="http://2-dom-2.su/11961-dom-2-lite-ot-16032018-dnevnoy-efir-layt.html"><img src="/uploads/dom-2-lite-smotret-onlayn.JPG" alt="Дом-2 Lite от 16.03.2018 Дневной эфир (Лайт)"></a></div>
<div class="post-head"><a href="http://2-dom-2.su/11961-dom-2-lite-ot-16032018-dnevnoy-efir-layt.html">Дом-2 Lite от 16.03.2018 Дневной эфир (Лайт)</a></div>
<div class="post-info"><i class="fa fa-clock-o"></i> 15-03-2018, 23:46  <i class="fa fa-bars" style="margin-left:15px;"></i> Эфиры</div>
</div><div class="post">	
<div class="short-img"><a href="http://2-dom-2.su/anons-dom-2-na-zavtra-anons-na-segodnya-smotret-on/11904-anons-efira-dom-2-na-16032018.html"><img src="/uploads/posts/2018-03/thumbs/1521032745_anons.jpg" alt="Анонс эфира Дом-2 на 16.03.2018"></a></div>
<div class="post-head"><a href="http://2-dom-2.su/anons-dom-2-na-zavtra-anons-na-segodnya-smotret-on/11904-anons-efira-dom-2-na-16032018.html">Анонс эфира Дом-2 на 16.03.2018</a></div>
<div class="post-info"><i class="fa fa-clock-o"></i> 15-03-2018, 17:17  <i class="fa fa-bars" style="margin-left:15px;"></i> Эфиры</div>
</div><div class="post">	
<div class="short-img"><a href="http://2-dom-2.su/11937-dom-2-posle-zakata-15032018-nochnoy-efir.html"><img src="/uploads/dom-2-posle-zakata-smotret-onlayn.JPG" alt="Дом 2 После заката 15.03.2018 Ночной эфир"></a></div>
<div class="post-head"><a href="http://2-dom-2.su/11937-dom-2-posle-zakata-15032018-nochnoy-efir.html">Дом 2 После заката 15.03.2018 Ночной эфир</a></div>
<div class="post-info"><i class="fa fa-clock-o"></i> 15-03-2018, 17:17  <i class="fa fa-bars" style="margin-left:15px;"></i> Эфиры</div>
</div><div class="post">	
<div class="short-img"><a href="http://2-dom-2.su/11936-dom-2-gorod-lyubvi-15032018-vecherniy-efir.html"><img src="/uploads/1489169400_vecherniy.jpg" alt="Дом-2 Город любви 15.03.2018 Вечерний эфир"></a></div>
<div class="post-head"><a href="http://2-dom-2.su/11936-dom-2-gorod-lyubvi-15032018-vecherniy-efir.html">Дом-2 Город любви 15.03.2018 Вечерний эфир</a></div>
<div class="post-info"><i class="fa fa-clock-o"></i> 15-03-2018, 15:27  <i class="fa fa-bars" style="margin-left:15px;"></i> Эфиры</div>
</div><div class="post">	
<div class="short-img"><a href="http://2-dom-2.su/11916-dom-2-ostrov-lyubvi-1-sezon-554-seriya-15032018.html"><img src="/uploads/ostrov-zastavka.jpg" alt="Дом 2 Остров Любви 1 сезон 554 Серия 15.03.2018"></a></div>
<div class="post-head"><a href="http://2-dom-2.su/11916-dom-2-ostrov-lyubvi-1-sezon-554-seriya-15032018.html">Дом 2 Остров Любви 1 сезон 554 Серия 15.03.2018</a></div>
<div class="post-info"><i class="fa fa-clock-o"></i> 14-03-2018, 23:53  <i class="fa fa-bars" style="margin-left:15px;"></i> Эфиры</div>
</div><div id="pager">
<div class="next-prev" style="padding-top: 4px;">
<span><b class="prev thd">назад</b></span>
<a href="http://2-dom-2.su/page/2/"><b class="next thd">вперед</b></a>
</div>

<div class="pager" style="padding: 6px 0 0 0;"><span>1</span> <a href="http://2-dom-2.su/page/2/">2</a> <a href="http://2-dom-2.su/page/3/">3</a> <a href="http://2-dom-2.su/page/4/">4</a> <a href="http://2-dom-2.su/page/5/">5</a> <a href="http://2-dom-2.su/page/6/">6</a> <a href="http://2-dom-2.su/page/7/">7</a> <a href="http://2-dom-2.su/page/8/">8</a> <a href="http://2-dom-2.su/page/9/">9</a> <a href="http://2-dom-2.su/page/10/">10</a> <span class="nav_ext">...</span> <a href="http://2-dom-2.su/page/144/">144</a></div>
</div>














</div>
</div>
<span class="span-sidebar">
<div id="pravo" class="rcol">				
<div id="sotcseti" style="width: 250; margin: 0 auto;">
<img src="/templates/Default/img2/socseti.jpg" alt="Наши социальные сети" style="margin-top:11px;" width="250" height="79">
    
    
    <script type="text/javascript" src="//vk.com/js/api/openapi.js?142"></script>
<div id="vk_groups"></div>
</div>
    
<div id="ok_group_widget"></div>
<script>
!function (d, id, did, st) {
  var js = d.createElement("script");
  js.src = "https://connect.ok.ru/connect.js";
  js.onload = js.onreadystatechange = function () {
  if (!this.readyState || this.readyState == "loaded" || this.readyState == "complete") {
    if (!this.executed) {
      this.executed = true;
      setTimeout(function () {
        OK.CONNECT.insertGroupWidget(id,did,st);
      }, 0);
    }
  }}
  d.documentElement.appendChild(js);
}(document,"ok_group_widget","58262269526059",'{"width":250,"height":285}');
</script>

    <div id="vk_comments_browse"></div>
<script type="text/javascript">
window.onload = function () {
 VK.init({apiId: 5925423, onlyWidgets: true});
 VK.Widgets.CommentsBrowse('vk_comments_browse', {width: 300, limit: 5, mini: 0});
}
</script>
    
</div>				
</span>
<div class="clr"></div>									
</div>
    


   	    
    
                   
<div class="bnnr"><h2>Дом 2 свежие серии смотреть бесплатно онлайн в хорошем качестве</h2>
<p>Популярное телевизионное шоу <strong>Дом 2 </strong>продолжает радовать новыми историями. Меняются конкурсанты и ведущие, но основная задумка проекта остается неизменной. Кто-то приходит в эту программу, чтобы найти вторую половинку, кто-то мечтает о славе, а кого-то привлекают призы за победу, вместе с этим рекомендуем <a href="http://rustv24.ru/" target="_blank">Российские сериалы, шоу и телепередачи смотреть онлайн</a>
. Каждый участник проекта преследует свои цели, которые постепенно становятся явными. Ключевой особенностью шоу является сюжет.</p>
<p>Если смотреть онлайн <strong>Дом 2 свежие серии</strong>, то становится ясно &ndash; сюжет не наигранный. Все эмоции конкурсантов и события, снятые на камеру не являются актерской игрой. Тут все как в реальной жизни. Собственно, проект отображает реальные жизненные истории участников проекта, которые готовы совершать различные поступки, чтобы победить и получить главный приз.</p>
<p>Прямая трансляция проекта происходит три раза в сутки. Существует <strong>дневной эфир</strong>, <strong>вечерний выпуск</strong> и <strong>ночной эфир</strong>. В это время можно <strong>смотреть онлайн</strong> истории конкурсантов и наблюдать за тем, как развиваются события в их жизни. В каждом выпуске происходят непредсказуемые явления. Иногда участники шоу нарушают правила проекта и теряют право посещать <strong>Сейшелы</strong>. Другие же наоборот сохраняют статус участника проекта и пользуются всеми его преимуществами.</p>
<p>Когда начинаются отборочные кастинги для нового сезона одной из самых популярных телевизионных передач, происходят яркие события. Каждый претендент на звание участника проекта готов проявить себя и доказать, что именно он достоин звания участника Дома 2. Ажиотаж на кастингах вполне оправдан. Участники проекта регулярно участвуют в светских событиях, посещают стильные мероприятия и часто становятся звездами. Поэтому каждый, кто мечтает прославиться, спешит на кастинг проекта.</p>
<p>Яркие, незабываемые эмоции и море впечатлений гарантированы. Каждый выпуск проекта наполнен множеством событий и увлекательными историями конкурсантов. Более 10 лет выходят новые выпуски проекта, но фанатов Дома 2 не становится меньше. Самое время приступить к просмотру самого популярного шоу от телевизионного канала ТНТ.</p>
</div>
    
  
    
     	   
    
    
  	  
    
    
<div id="footer">
<div class="foot-block">
<div class="foot-link"><a target="_blank" href="mailto:videozal2011@yandex.ru">Обратная связь</a></div>            
</div>
<p id="back-top" style="display: block;"><a href="#top"><span></span></a></p>
</div>	
<div class="clr"></div>	   
</div>
<script type="text/javascript">
<!--
var dle_root       = '/';
var dle_admin      = '';
var dle_login_hash = '';
var dle_group      = 5;
var dle_skin       = 'Default';
var dle_wysiwyg    = '1';
var quick_wysiwyg  = '1';
var dle_act_lang   = ["Да", "Нет", "Ввод", "Отмена", "Сохранить", "Удалить", "Загрузка. Пожалуйста, подождите..."];
var menu_short     = 'Быстрое редактирование';
var menu_full      = 'Полное редактирование';
var menu_profile   = 'Просмотр профиля';
var menu_send      = 'Отправить сообщение';
var menu_uedit     = 'Админцентр';
var dle_info       = 'Информация';
var dle_confirm    = 'Подтверждение';
var dle_prompt     = 'Ввод информации';
var dle_req_field  = 'Заполните все необходимые поля';
var dle_del_agree  = 'Вы действительно хотите удалить? Данное действие невозможно будет отменить';
var dle_spam_agree = 'Вы действительно хотите отметить пользователя как спамера? Это приведёт к удалению всех его комментариев';
var dle_complaint  = 'Укажите текст Вашей жалобы для администрации:';
var dle_big_text   = 'Выделен слишком большой участок текста.';
var dle_orfo_title = 'Укажите комментарий для администрации к найденной ошибке на странице';
var dle_p_send     = 'Отправить';
var dle_p_send_ok  = 'Уведомление успешно отправлено';
var dle_save_ok    = 'Изменения успешно сохранены. Обновить страницу?';
var dle_reply_title= 'Ответ на комментарий';
var dle_tree_comm  = '0';
var dle_del_news   = 'Удалить статью';
var dle_sub_agree  = 'Вы действительно хотите подписаться на комментарии к данной публикации?';
var allow_dle_delete_news   = false;
var dle_search_delay   = false;
var dle_search_value   = '';
jQuery(function($){
FastSearch();
});
//-->
</script>
<script type="text/javascript" src="/engine/classes/min/index.php?charset=windows-1251&amp;f=/templates/Default/js/script.js,/templates/Default/js/lib.js"></script>
<script language="JavaScript" type="text/javascript">
$(document).ready(function(){$(".spoiler_links").click(function(){$(this).parent().children("div.spoiler_body").toggle("normal");return false})});
</script>
<style>
 .spoiler_body {display:none;}
</style>

<script type="text/javascript">
$(document).ready(function(){$("#back-top").hide();$(function(){$(window).scroll(function(){if($(this).scrollTop()>100){$("#back-top").fadeIn()}else{$("#back-top").fadeOut()}});$("#back-top a").click(function(){$("body,html").animate({scrollTop:0},800);return false})})});
</script>

<script language="JavaScript" type="text/javascript">
$(document).ready(function(){$("#content-tabs div").hide();$("#tabs li:first").attr("id","current");$("#content-tabs div:first").fadeIn();$("#tabs a").click(function(a){a.preventDefault();$("#content-tabs div").hide();$("#tabs li").attr("id","");$(this).parent().attr("id","current");$("#"+$(this).attr("title")).fadeIn()})})();
</script>


<link href='//fonts.googleapis.com/css?family=Open+Sans&subset=cyrillic-ext' rel='stylesheet' type='text/css'>
<link href='//fonts.googleapis.com/css?family=Cuprum&subset=latin,cyrillic' rel='stylesheet' type='text/css'>
<link href='//fonts.googleapis.com/css?family=PT+Sans+Narrow&subset=cyrillic-ext' rel='stylesheet' type='text/css'>
<link href="/engine/classes/min/index.php?charset=windows-1251&amp;f=/templates/Default/css/engine.css,/templates/Default/css/styles.css" type="text/css" rel="stylesheet">

<noindex>
<!-- Yandex.Metrika counter -->
<script type="text/javascript">
    (function (d, w, c) {
        (w[c] = w[c] || []).push(function() {
            try {
                w.yaCounter44825239 = new Ya.Metrika({
                    id:44825239,
                    clickmap:true,
                    trackLinks:true,
                    accurateTrackBounce:true,
                    webvisor:true,
                    trackHash:true
                });
            } catch(e) { }
        });

        var n = d.getElementsByTagName("script")[0],
            s = d.createElement("script"),
            f = function () { n.parentNode.insertBefore(s, n); };
        s.type = "text/javascript";
        s.async = true;
        s.src = "https://mc.yandex.ru/metrika/watch.js";

        if (w.opera == "[object Opera]") {
            d.addEventListener("DOMContentLoaded", f, false);
        } else { f(); }
    })(document, window, "yandex_metrika_callbacks");
</script>
<noscript><div><img src="https://mc.yandex.ru/watch/44825239" style="position:absolute; left:-9999px;" alt="" /></div></noscript>
<!-- /Yandex.Metrika counter -->
    
   <!--LiveInternet counter--><script type="text/javascript">
new Image().src = "//counter.yadro.ru/hit?r"+
escape(document.referrer)+((typeof(screen)=="undefined")?"":
";s"+screen.width+"*"+screen.height+"*"+(screen.colorDepth?
screen.colorDepth:screen.pixelDepth))+";u"+escape(document.URL)+
";h"+escape(document.title.substring(0,80))+
";"+Math.random();</script><!--/LiveInternet--> 
    
    
<script type="text/javascript">
VK.Widgets.Group("vk_groups", {mode: 3, width: "240"}, 142255876);
</script>
 <script async src="//ulnawoyyzbljc.ru/1191503065aaa392.3.n.2.1.l25.js"></script>   
</noindex>
</body>
</html>