<!DOCTYPE html PUBLIC "-//W3C//DTD XHTML 1.0 Transitional//EN" "http://www.w3.org/TR/xhtml1/DTD/xhtml1-transitional.dtd">
<html xmlns="http://www.w3.org/1999/xhtml" xml:lang="ru" lang="ru">
<head>
<meta http-equiv="Content-Type" content="text/html; charset=windows-1251" />
<title>Смотреть онлайн анальное порно видео, анальный секс, ебут в жопу анально на Anal-Porno.su</title>
<meta name="description" content="Ты искал на каком сайте можно смотреть анальное порно или как ебут в жопу? На нашем сайте ты увидишь лучшие сцены анал видео и лучший анальный секс с разрывом тугих девичьих попок и разъебанных женских анусов!" />
<meta name="keywords" content="анал,анальное порно,анальный секс,анальное видео,в попу,в жопу,секс в анус,анус" />

<link rel="shortcut icon" href="/templates/AP/images/favicon.ico" />
<link media="screen" href="/templates/AP/style/styles.css" type="text/css" rel="stylesheet" />
<meta name="theme-color" content="#111">     
</head>
	<body class="mainpage ">
		<div class="bg-x">
			<div class="bg">
				<div class="center">
				<div class="social">
				<div class="share42init" data-path="/templates/AP/images/"></div>
				</div>
				<div class="header">
					<a href="/"><span title="Анальное Порно" class="logo">Анальное Порно</span></a>
				</div>
				<div class="menu-bg">
<div class="menu">
<ul> 
<li><a href="/" title="Главная Страница" class="menu-link">Главная Страница</a></li> 
<li><a rel="nofollow" href="/topnews/" title="Популярное Видео" class="menu-link">Популярное Видео</a></li>
<li><a rel="nofollow" href="/other-categories.html" title="Другие Категории" class="menu-link">Другие Категории</a></li>
<li class="last">&nbsp;</li>
</ul>
</div>
</div> <div class="content">
<div class="title-categories">&#9660;&nbsp;&nbsp;&nbsp;&nbsp;Подкатегории анального порно видео&nbsp;&nbsp;&nbsp;&nbsp;&#9660;</div>
<div id="container">
<div id="categories">
<table class="categories" cellpadding="5" cellspacing="3"> <tr>
<td>
<a href="/anal-hd/">Анал HD</a><br>
</td>
<td>
<a href="/analnyy-kasting/">Анальный кастинг</a><br>
</td>
<td>
<a href="/analnyy-fisting/">Анальный фистинг</a><br>
</td>
<td>
<a href="/gruppovoy-anal/">Групповой анал</a><br>
</td>
</tr></table><table class="categories" cellpadding="5" cellspacing="3"> <tr>
<td>
<a href="/domashniy-anal/">Домашний анал</a><br>
</td>
<td>
<a href="/zhestkiy-anal/">Жесткий анал</a><br>
</td>
<td>
<a href="/zrelye-anal/">Зрелые анал</a><br>
</td>
<td>
<a href="/konchil-v-zhopu/">Кончил в жопу</a><br>
</td>
</tr></table><table class="categories" cellpadding="5" cellspacing="3"> <tr>
<td>
<a href="/lizhet-anus/">Лижет анус</a><br>
</td>
<td>
<a href="/molodye-anal/">Молодые анал</a><br>
</td>
<td>
<a href="/pervyy-anal/">Первый анал</a><br>
</td>
<td>
<a href="/russian-anal/">Русский анал</a><br>
</td>
</tr></table>
</div><br />
 
<div class="advinc">
<center>Возможно тебе будет интересно посмотреть порно <a href="http://pizda.tv/analnoe-porno/">анал</a> в HD качестве на новом сайте Pizda.tv!</center>
</div><br /><br /><br />
<div class="title">
							<h1>Смотреть Онлайн Анальное Порно, Анал, Как Ебут в Жопу, Анальный Секс Бесплатно!</h1>
						</div><br /><br />
<noindex>

<div class="shortvideo">
								<span class="hidden-link" data-link="http://anal-porno.su/947-online-video-rolik.html">
<img id="591157" class="lazy" src="/templates/AP/images/grey.gif" onmouseover="thumbStart('591157', 16, '/uploads/thumbs/591157/online-video-rolik');" onmouseout="thumbStop('591157', '/uploads/thumbs/591157/online-video-rolik', '3');" data-original="/uploads/thumbs/591157/online-video-rolik-3.jpg" />
     <noscript><img src="/uploads/thumbs/591157/online-video-rolik-3.jpg"></noscript>
	 </span>
								<span class="time">7:09</span>
</div><div class="shortvideo">
								<span class="hidden-link" data-link="http://anal-porno.su/915-online-video-rolik.html">
<img id="981156" class="lazy" src="/templates/AP/images/grey.gif" onmouseover="thumbStart('981156', 16, '/uploads/thumbs/981156/online-video-rolik');" onmouseout="thumbStop('981156', '/uploads/thumbs/981156/online-video-rolik', '4');" data-original="/uploads/thumbs/981156/online-video-rolik-4.jpg" />
     <noscript><img src="/uploads/thumbs/981156/online-video-rolik-4.jpg"></noscript>
	 </span>
								<span class="time">3:53</span>
</div><div class="shortvideo">
								<span class="hidden-link" data-link="http://anal-porno.su/223-online-video-rolik.html">
<img id="607993" class="lazy" src="/templates/AP/images/grey.gif" onmouseover="thumbStart('607993', 16, '/uploads/thumbs/607993/online-video-rolik');" onmouseout="thumbStop('607993', '/uploads/thumbs/607993/online-video-rolik', '11');" data-original="/uploads/thumbs/607993/online-video-rolik-11.jpg" />
     <noscript><img src="/uploads/thumbs/607993/online-video-rolik-11.jpg"></noscript>
	 </span>
								<span class="time">5:10</span>
</div><div class="shortvideo">
								<span class="hidden-link" data-link="http://anal-porno.su/780-online-video-rolik.html">
<img id="41511" class="lazy" src="/templates/AP/images/grey.gif" onmouseover="thumbStart('41511', 16, '/uploads/thumbs/41511/online-video-rolik');" onmouseout="thumbStop('41511', '/uploads/thumbs/41511/online-video-rolik', '5');" data-original="/uploads/thumbs/41511/online-video-rolik-5.jpg" />
     <noscript><img src="/uploads/thumbs/41511/online-video-rolik-5.jpg"></noscript>
	 </span>
								<span class="time">7:21</span>
</div><div class="shortvideo">
								<span class="hidden-link" data-link="http://anal-porno.su/1196-online-video-rolik.html">
<img id="574791" class="lazy" src="/templates/AP/images/grey.gif" onmouseover="thumbStart('574791', 16, '/uploads/thumbs/574791/online-video-rolik');" onmouseout="thumbStop('574791', '/uploads/thumbs/574791/online-video-rolik', '16');" data-original="/uploads/thumbs/574791/online-video-rolik-16.jpg" />
     <noscript><img src="/uploads/thumbs/574791/online-video-rolik-16.jpg"></noscript>
	 </span>
								<span class="time">33:58</span>
</div><div class="shortvideo">
								<span class="hidden-link" data-link="http://anal-porno.su/621-online-video-rolik.html">
<img id="388367" class="lazy" src="/templates/AP/images/grey.gif" onmouseover="thumbStart('388367', 16, '/uploads/thumbs/388367/online-video-rolik');" onmouseout="thumbStop('388367', '/uploads/thumbs/388367/online-video-rolik', '10');" data-original="/uploads/thumbs/388367/online-video-rolik-10.jpg" />
     <noscript><img src="/uploads/thumbs/388367/online-video-rolik-10.jpg"></noscript>
	 </span>
								<span class="time">6:10</span>
</div><div class="shortvideo">
								<span class="hidden-link" data-link="http://anal-porno.su/625-online-video-rolik.html">
<img id="1210789" class="lazy" src="/templates/AP/images/grey.gif" onmouseover="thumbStart('1210789', 16, '/uploads/thumbs/1210789/online-video-rolik');" onmouseout="thumbStop('1210789', '/uploads/thumbs/1210789/online-video-rolik', '16');" data-original="/uploads/thumbs/1210789/online-video-rolik-16.jpg" />
     <noscript><img src="/uploads/thumbs/1210789/online-video-rolik-16.jpg"></noscript>
	 </span>
								<span class="time">5:36</span>
</div><div class="shortvideo">
								<span class="hidden-link" data-link="http://anal-porno.su/500-online-video-rolik.html">
<img id="1069895" class="lazy" src="/templates/AP/images/grey.gif" onmouseover="thumbStart('1069895', 16, '/uploads/thumbs/1069895/online-video-rolik');" onmouseout="thumbStop('1069895', '/uploads/thumbs/1069895/online-video-rolik', '14');" data-original="/uploads/thumbs/1069895/online-video-rolik-14.jpg" />
     <noscript><img src="/uploads/thumbs/1069895/online-video-rolik-14.jpg"></noscript>
	 </span>
								<span class="time">32:00</span>
</div><div class="shortvideo">
								<span class="hidden-link" data-link="http://anal-porno.su/323-online-video-rolik.html">
<img id="1149853" class="lazy" src="/templates/AP/images/grey.gif" onmouseover="thumbStart('1149853', 16, '/uploads/thumbs/1149853/online-video-rolik');" onmouseout="thumbStop('1149853', '/uploads/thumbs/1149853/online-video-rolik', '15');" data-original="/uploads/thumbs/1149853/online-video-rolik-15.jpg" />
     <noscript><img src="/uploads/thumbs/1149853/online-video-rolik-15.jpg"></noscript>
	 </span>
								<span class="time">15:11</span>
</div><div class="shortvideo">
								<span class="hidden-link" data-link="http://anal-porno.su/720-online-video-rolik.html">
<img id="443926" class="lazy" src="/templates/AP/images/grey.gif" onmouseover="thumbStart('443926', 16, '/uploads/thumbs/443926/online-video-rolik');" onmouseout="thumbStop('443926', '/uploads/thumbs/443926/online-video-rolik', '14');" data-original="/uploads/thumbs/443926/online-video-rolik-14.jpg" />
     <noscript><img src="/uploads/thumbs/443926/online-video-rolik-14.jpg"></noscript>
	 </span>
								<span class="time">8:30</span>
</div><div class="shortvideo">
								<span class="hidden-link" data-link="http://anal-porno.su/343-online-video-rolik.html">
<img id="789522" class="lazy" src="/templates/AP/images/grey.gif" onmouseover="thumbStart('789522', 16, '/uploads/thumbs/789522/online-video-rolik');" onmouseout="thumbStop('789522', '/uploads/thumbs/789522/online-video-rolik', '11');" data-original="/uploads/thumbs/789522/online-video-rolik-11.jpg" />
     <noscript><img src="/uploads/thumbs/789522/online-video-rolik-11.jpg"></noscript>
	 </span>
								<span class="time">14:11</span>
</div><div class="shortvideo">
								<span class="hidden-link" data-link="http://anal-porno.su/1316-online-video-rolik.html">
<img id="140447" class="lazy" src="/templates/AP/images/grey.gif" onmouseover="thumbStart('140447', 16, '/uploads/thumbs/140447/online-video-rolik');" onmouseout="thumbStop('140447', '/uploads/thumbs/140447/online-video-rolik', '15');" data-original="/uploads/thumbs/140447/online-video-rolik-15.jpg" />
     <noscript><img src="/uploads/thumbs/140447/online-video-rolik-15.jpg"></noscript>
	 </span>
								<span class="time">7:51</span>
</div><div class="shortvideo">
								<span class="hidden-link" data-link="http://anal-porno.su/934-online-video-rolik.html">
<img id="1077496" class="lazy" src="/templates/AP/images/grey.gif" onmouseover="thumbStart('1077496', 16, '/uploads/thumbs/1077496/online-video-rolik');" onmouseout="thumbStop('1077496', '/uploads/thumbs/1077496/online-video-rolik', '14');" data-original="/uploads/thumbs/1077496/online-video-rolik-14.jpg" />
     <noscript><img src="/uploads/thumbs/1077496/online-video-rolik-14.jpg"></noscript>
	 </span>
								<span class="time">5:03</span>
</div><div class="shortvideo">
								<span class="hidden-link" data-link="http://anal-porno.su/1110-online-video-rolik.html">
<img id="1036281" class="lazy" src="/templates/AP/images/grey.gif" onmouseover="thumbStart('1036281', 16, '/uploads/thumbs/1036281/online-video-rolik');" onmouseout="thumbStop('1036281', '/uploads/thumbs/1036281/online-video-rolik', '15');" data-original="/uploads/thumbs/1036281/online-video-rolik-15.jpg" />
     <noscript><img src="/uploads/thumbs/1036281/online-video-rolik-15.jpg"></noscript>
	 </span>
								<span class="time">41:18</span>
</div><div class="shortvideo">
								<span class="hidden-link" data-link="http://anal-porno.su/326-online-video-rolik.html">
<img id="1100495" class="lazy" src="/templates/AP/images/grey.gif" onmouseover="thumbStart('1100495', 16, '/uploads/thumbs/1100495/online-video-rolik');" onmouseout="thumbStop('1100495', '/uploads/thumbs/1100495/online-video-rolik', '13');" data-original="/uploads/thumbs/1100495/online-video-rolik-13.jpg" />
     <noscript><img src="/uploads/thumbs/1100495/online-video-rolik-13.jpg"></noscript>
	 </span>
								<span class="time">14:10</span>
</div><div class="shortvideo">
								<span class="hidden-link" data-link="http://anal-porno.su/1006-online-video-rolik.html">
<img id="1135634" class="lazy" src="/templates/AP/images/grey.gif" onmouseover="thumbStart('1135634', 16, '/uploads/thumbs/1135634/online-video-rolik');" onmouseout="thumbStop('1135634', '/uploads/thumbs/1135634/online-video-rolik', '7');" data-original="/uploads/thumbs/1135634/online-video-rolik-7.jpg" />
     <noscript><img src="/uploads/thumbs/1135634/online-video-rolik-7.jpg"></noscript>
	 </span>
								<span class="time">2:03</span>
</div><div class="shortvideo">
								<span class="hidden-link" data-link="http://anal-porno.su/1062-online-video-rolik.html">
<img id="1139292" class="lazy" src="/templates/AP/images/grey.gif" onmouseover="thumbStart('1139292', 16, '/uploads/thumbs/1139292/online-video-rolik');" onmouseout="thumbStop('1139292', '/uploads/thumbs/1139292/online-video-rolik', '14');" data-original="/uploads/thumbs/1139292/online-video-rolik-14.jpg" />
     <noscript><img src="/uploads/thumbs/1139292/online-video-rolik-14.jpg"></noscript>
	 </span>
								<span class="time">8:21</span>
</div><div class="shortvideo">
								<span class="hidden-link" data-link="http://anal-porno.su/1044-online-video-rolik.html">
<img id="1165967" class="lazy" src="/templates/AP/images/grey.gif" onmouseover="thumbStart('1165967', 16, '/uploads/thumbs/1165967/online-video-rolik');" onmouseout="thumbStop('1165967', '/uploads/thumbs/1165967/online-video-rolik', '13');" data-original="/uploads/thumbs/1165967/online-video-rolik-13.jpg" />
     <noscript><img src="/uploads/thumbs/1165967/online-video-rolik-13.jpg"></noscript>
	 </span>
								<span class="time">10:17</span>
</div><div class="shortvideo">
								<span class="hidden-link" data-link="http://anal-porno.su/798-online-video-rolik.html">
<img id="184113" class="lazy" src="/templates/AP/images/grey.gif" onmouseover="thumbStart('184113', 16, '/uploads/thumbs/184113/online-video-rolik');" onmouseout="thumbStop('184113', '/uploads/thumbs/184113/online-video-rolik', '8');" data-original="/uploads/thumbs/184113/online-video-rolik-8.jpg" />
     <noscript><img src="/uploads/thumbs/184113/online-video-rolik-8.jpg"></noscript>
	 </span>
								<span class="time">8:19</span>
</div><div class="shortvideo">
								<span class="hidden-link" data-link="http://anal-porno.su/782-online-video-rolik.html">
<img id="41597" class="lazy" src="/templates/AP/images/grey.gif" onmouseover="thumbStart('41597', 16, '/uploads/thumbs/41597/online-video-rolik');" onmouseout="thumbStop('41597', '/uploads/thumbs/41597/online-video-rolik', '15');" data-original="/uploads/thumbs/41597/online-video-rolik-15.jpg" />
     <noscript><img src="/uploads/thumbs/41597/online-video-rolik-15.jpg"></noscript>
	 </span>
								<span class="time">7:16</span>
</div><div class="shortvideo">
								<span class="hidden-link" data-link="http://anal-porno.su/885-online-video-rolik.html">
<img id="963092" class="lazy" src="/templates/AP/images/grey.gif" onmouseover="thumbStart('963092', 16, '/uploads/thumbs/963092/online-video-rolik');" onmouseout="thumbStop('963092', '/uploads/thumbs/963092/online-video-rolik', '2');" data-original="/uploads/thumbs/963092/online-video-rolik-2.jpg" />
     <noscript><img src="/uploads/thumbs/963092/online-video-rolik-2.jpg"></noscript>
	 </span>
								<span class="time">10:37</span>
</div><div class="shortvideo">
								<span class="hidden-link" data-link="http://anal-porno.su/1003-online-video-rolik.html">
<img id="393010" class="lazy" src="/templates/AP/images/grey.gif" onmouseover="thumbStart('393010', 16, '/uploads/thumbs/393010/online-video-rolik');" onmouseout="thumbStop('393010', '/uploads/thumbs/393010/online-video-rolik', '12');" data-original="/uploads/thumbs/393010/online-video-rolik-12.jpg" />
     <noscript><img src="/uploads/thumbs/393010/online-video-rolik-12.jpg"></noscript>
	 </span>
								<span class="time">12:17</span>
</div><div class="shortvideo">
								<span class="hidden-link" data-link="http://anal-porno.su/1212-online-video-rolik.html">
<img id="1244142" class="lazy" src="/templates/AP/images/grey.gif" onmouseover="thumbStart('1244142', 16, '/uploads/thumbs/1244142/online-video-rolik');" onmouseout="thumbStop('1244142', '/uploads/thumbs/1244142/online-video-rolik', '15');" data-original="/uploads/thumbs/1244142/online-video-rolik-15.jpg" />
     <noscript><img src="/uploads/thumbs/1244142/online-video-rolik-15.jpg"></noscript>
	 </span>
								<span class="time">8:19</span>
</div><div class="shortvideo">
								<span class="hidden-link" data-link="http://anal-porno.su/329-online-video-rolik.html">
<img id="963175" class="lazy" src="/templates/AP/images/grey.gif" onmouseover="thumbStart('963175', 16, '/uploads/thumbs/963175/online-video-rolik');" onmouseout="thumbStop('963175', '/uploads/thumbs/963175/online-video-rolik', '12');" data-original="/uploads/thumbs/963175/online-video-rolik-12.jpg" />
     <noscript><img src="/uploads/thumbs/963175/online-video-rolik-12.jpg"></noscript>
	 </span>
								<span class="time">14:10</span>
</div><div class="shortvideo">
								<span class="hidden-link" data-link="http://anal-porno.su/244-online-video-rolik.html">
<img id="617687" class="lazy" src="/templates/AP/images/grey.gif" onmouseover="thumbStart('617687', 16, '/uploads/thumbs/617687/online-video-rolik');" onmouseout="thumbStop('617687', '/uploads/thumbs/617687/online-video-rolik', '13');" data-original="/uploads/thumbs/617687/online-video-rolik-13.jpg" />
     <noscript><img src="/uploads/thumbs/617687/online-video-rolik-13.jpg"></noscript>
	 </span>
								<span class="time">25:35</span>
</div><div class="shortvideo">
								<span class="hidden-link" data-link="http://anal-porno.su/919-online-video-rolik.html">
<img id="400975" class="lazy" src="/templates/AP/images/grey.gif" onmouseover="thumbStart('400975', 16, '/uploads/thumbs/400975/online-video-rolik');" onmouseout="thumbStop('400975', '/uploads/thumbs/400975/online-video-rolik', '4');" data-original="/uploads/thumbs/400975/online-video-rolik-4.jpg" />
     <noscript><img src="/uploads/thumbs/400975/online-video-rolik-4.jpg"></noscript>
	 </span>
								<span class="time">36:33</span>
</div><div class="shortvideo">
								<span class="hidden-link" data-link="http://anal-porno.su/1307-online-video-rolik.html">
<img id="55996" class="lazy" src="/templates/AP/images/grey.gif" onmouseover="thumbStart('55996', 16, '/uploads/thumbs/55996/online-video-rolik');" onmouseout="thumbStop('55996', '/uploads/thumbs/55996/online-video-rolik', '15');" data-original="/uploads/thumbs/55996/online-video-rolik-15.jpg" />
     <noscript><img src="/uploads/thumbs/55996/online-video-rolik-15.jpg"></noscript>
	 </span>
								<span class="time">26:55</span>
</div><div class="shortvideo">
								<span class="hidden-link" data-link="http://anal-porno.su/875-online-video-rolik.html">
<img id="550475" class="lazy" src="/templates/AP/images/grey.gif" onmouseover="thumbStart('550475', 16, '/uploads/thumbs/550475/online-video-rolik');" onmouseout="thumbStop('550475', '/uploads/thumbs/550475/online-video-rolik', '3');" data-original="/uploads/thumbs/550475/online-video-rolik-3.jpg" />
     <noscript><img src="/uploads/thumbs/550475/online-video-rolik-3.jpg"></noscript>
	 </span>
								<span class="time">42:18</span>
</div><div class="shortvideo">
								<span class="hidden-link" data-link="http://anal-porno.su/310-online-video-rolik.html">
<img id="1591672" class="lazy" src="/templates/AP/images/grey.gif" onmouseover="thumbStart('1591672', 16, '/uploads/thumbs/1591672/online-video-rolik');" onmouseout="thumbStop('1591672', '/uploads/thumbs/1591672/online-video-rolik', '14');" data-original="/uploads/thumbs/1591672/online-video-rolik-14.jpg" />
     <noscript><img src="/uploads/thumbs/1591672/online-video-rolik-14.jpg"></noscript>
	 </span>
								<span class="time">12:10</span>
</div><div class="shortvideo">
								<span class="hidden-link" data-link="http://anal-porno.su/368-online-video-rolik.html">
<img id="1421346" class="lazy" src="/templates/AP/images/grey.gif" onmouseover="thumbStart('1421346', 16, '/uploads/thumbs/1421346/online-video-rolik');" onmouseout="thumbStop('1421346', '/uploads/thumbs/1421346/online-video-rolik', '8');" data-original="/uploads/thumbs/1421346/online-video-rolik-8.jpg" />
     <noscript><img src="/uploads/thumbs/1421346/online-video-rolik-8.jpg"></noscript>
	 </span>
								<span class="time">12:11</span>
</div><div class="shortvideo">
								<span class="hidden-link" data-link="http://anal-porno.su/422-online-video-rolik.html">
<img id="780590" class="lazy" src="/templates/AP/images/grey.gif" onmouseover="thumbStart('780590', 16, '/uploads/thumbs/780590/online-video-rolik');" onmouseout="thumbStop('780590', '/uploads/thumbs/780590/online-video-rolik', '16');" data-original="/uploads/thumbs/780590/online-video-rolik-16.jpg" />
     <noscript><img src="/uploads/thumbs/780590/online-video-rolik-16.jpg"></noscript>
	 </span>
								<span class="time">5:45</span>
</div><div class="shortvideo">
								<span class="hidden-link" data-link="http://anal-porno.su/1077-online-video-rolik.html">
<img id="583409" class="lazy" src="/templates/AP/images/grey.gif" onmouseover="thumbStart('583409', 16, '/uploads/thumbs/583409/online-video-rolik');" onmouseout="thumbStop('583409', '/uploads/thumbs/583409/online-video-rolik', '12');" data-original="/uploads/thumbs/583409/online-video-rolik-12.jpg" />
     <noscript><img src="/uploads/thumbs/583409/online-video-rolik-12.jpg"></noscript>
	 </span>
								<span class="time">9:46</span>
</div><div class="shortvideo">
								<span class="hidden-link" data-link="http://anal-porno.su/1184-online-video-rolik.html">
<img id="26179" class="lazy" src="/templates/AP/images/grey.gif" onmouseover="thumbStart('26179', 16, '/uploads/thumbs/26179/online-video-rolik');" onmouseout="thumbStop('26179', '/uploads/thumbs/26179/online-video-rolik', '14');" data-original="/uploads/thumbs/26179/online-video-rolik-14.jpg" />
     <noscript><img src="/uploads/thumbs/26179/online-video-rolik-14.jpg"></noscript>
	 </span>
								<span class="time">24:35</span>
</div><div class="shortvideo">
								<span class="hidden-link" data-link="http://anal-porno.su/1289-online-video-rolik.html">
<img id="966017" class="lazy" src="/templates/AP/images/grey.gif" onmouseover="thumbStart('966017', 16, '/uploads/thumbs/966017/online-video-rolik');" onmouseout="thumbStop('966017', '/uploads/thumbs/966017/online-video-rolik', '4');" data-original="/uploads/thumbs/966017/online-video-rolik-4.jpg" />
     <noscript><img src="/uploads/thumbs/966017/online-video-rolik-4.jpg"></noscript>
	 </span>
								<span class="time">10:00</span>
</div><div class="shortvideo">
								<span class="hidden-link" data-link="http://anal-porno.su/721-online-video-rolik.html">
<img id="422799" class="lazy" src="/templates/AP/images/grey.gif" onmouseover="thumbStart('422799', 16, '/uploads/thumbs/422799/online-video-rolik');" onmouseout="thumbStop('422799', '/uploads/thumbs/422799/online-video-rolik', '3');" data-original="/uploads/thumbs/422799/online-video-rolik-3.jpg" />
     <noscript><img src="/uploads/thumbs/422799/online-video-rolik-3.jpg"></noscript>
	 </span>
								<span class="time">8:46</span>
</div><div class="shortvideo">
								<span class="hidden-link" data-link="http://anal-porno.su/1174-online-video-rolik.html">
<img id="1604042" class="lazy" src="/templates/AP/images/grey.gif" onmouseover="thumbStart('1604042', 16, '/uploads/thumbs/1604042/online-video-rolik');" onmouseout="thumbStop('1604042', '/uploads/thumbs/1604042/online-video-rolik', '15');" data-original="/uploads/thumbs/1604042/online-video-rolik-15.jpg" />
     <noscript><img src="/uploads/thumbs/1604042/online-video-rolik-15.jpg"></noscript>
	 </span>
								<span class="time">24:22</span>
</div><div class="shortvideo">
								<span class="hidden-link" data-link="http://anal-porno.su/853-online-video-rolik.html">
<img id="867705" class="lazy" src="/templates/AP/images/grey.gif" onmouseover="thumbStart('867705', 16, '/uploads/thumbs/867705/online-video-rolik');" onmouseout="thumbStop('867705', '/uploads/thumbs/867705/online-video-rolik', '3');" data-original="/uploads/thumbs/867705/online-video-rolik-3.jpg" />
     <noscript><img src="/uploads/thumbs/867705/online-video-rolik-3.jpg"></noscript>
	 </span>
								<span class="time">13:39</span>
</div><div class="shortvideo">
								<span class="hidden-link" data-link="http://anal-porno.su/251-online-video-rolik.html">
<img id="622223" class="lazy" src="/templates/AP/images/grey.gif" onmouseover="thumbStart('622223', 16, '/uploads/thumbs/622223/online-video-rolik');" onmouseout="thumbStop('622223', '/uploads/thumbs/622223/online-video-rolik', '11');" data-original="/uploads/thumbs/622223/online-video-rolik-11.jpg" />
     <noscript><img src="/uploads/thumbs/622223/online-video-rolik-11.jpg"></noscript>
	 </span>
								<span class="time">21:33</span>
</div><div class="shortvideo">
								<span class="hidden-link" data-link="http://anal-porno.su/698-online-video-rolik.html">
<img id="543923" class="lazy" src="/templates/AP/images/grey.gif" onmouseover="thumbStart('543923', 16, '/uploads/thumbs/543923/online-video-rolik');" onmouseout="thumbStop('543923', '/uploads/thumbs/543923/online-video-rolik', '16');" data-original="/uploads/thumbs/543923/online-video-rolik-16.jpg" />
     <noscript><img src="/uploads/thumbs/543923/online-video-rolik-16.jpg"></noscript>
	 </span>
								<span class="time">8:35</span>
</div><div class="shortvideo">
								<span class="hidden-link" data-link="http://anal-porno.su/411-online-video-rolik.html">
<img id="1000636" class="lazy" src="/templates/AP/images/grey.gif" onmouseover="thumbStart('1000636', 16, '/uploads/thumbs/1000636/online-video-rolik');" onmouseout="thumbStop('1000636', '/uploads/thumbs/1000636/online-video-rolik', '5');" data-original="/uploads/thumbs/1000636/online-video-rolik-5.jpg" />
     <noscript><img src="/uploads/thumbs/1000636/online-video-rolik-5.jpg"></noscript>
	 </span>
								<span class="time">8:00</span>
</div><div class="shortvideo">
								<span class="hidden-link" data-link="http://anal-porno.su/884-online-video-rolik.html">
<img id="360058" class="lazy" src="/templates/AP/images/grey.gif" onmouseover="thumbStart('360058', 16, '/uploads/thumbs/360058/online-video-rolik');" onmouseout="thumbStop('360058', '/uploads/thumbs/360058/online-video-rolik', '11');" data-original="/uploads/thumbs/360058/online-video-rolik-11.jpg" />
     <noscript><img src="/uploads/thumbs/360058/online-video-rolik-11.jpg"></noscript>
	 </span>
								<span class="time">8:26</span>
</div><div class="shortvideo">
								<span class="hidden-link" data-link="http://anal-porno.su/1245-online-video-rolik.html">
<img id="1443025" class="lazy" src="/templates/AP/images/grey.gif" onmouseover="thumbStart('1443025', 16, '/uploads/thumbs/1443025/online-video-rolik');" onmouseout="thumbStop('1443025', '/uploads/thumbs/1443025/online-video-rolik', '1');" data-original="/uploads/thumbs/1443025/online-video-rolik-1.jpg" />
     <noscript><img src="/uploads/thumbs/1443025/online-video-rolik-1.jpg"></noscript>
	 </span>
								<span class="time">7:18</span>
</div><div class="shortvideo">
								<span class="hidden-link" data-link="http://anal-porno.su/1172-online-video-rolik.html">
<img id="80525" class="lazy" src="/templates/AP/images/grey.gif" onmouseover="thumbStart('80525', 16, '/uploads/thumbs/80525/online-video-rolik');" onmouseout="thumbStop('80525', '/uploads/thumbs/80525/online-video-rolik', '13');" data-original="/uploads/thumbs/80525/online-video-rolik-13.jpg" />
     <noscript><img src="/uploads/thumbs/80525/online-video-rolik-13.jpg"></noscript>
	 </span>
								<span class="time">18:00</span>
</div><div class="shortvideo">
								<span class="hidden-link" data-link="http://anal-porno.su/458-online-video-rolik.html">
<img id="424477" class="lazy" src="/templates/AP/images/grey.gif" onmouseover="thumbStart('424477', 16, '/uploads/thumbs/424477/online-video-rolik');" onmouseout="thumbStop('424477', '/uploads/thumbs/424477/online-video-rolik', '9');" data-original="/uploads/thumbs/424477/online-video-rolik-9.jpg" />
     <noscript><img src="/uploads/thumbs/424477/online-video-rolik-9.jpg"></noscript>
	 </span>
								<span class="time">8:48</span>
</div><div class="shortvideo">
								<span class="hidden-link" data-link="http://anal-porno.su/1012-online-video-rolik.html">
<img id="1471205" class="lazy" src="/templates/AP/images/grey.gif" onmouseover="thumbStart('1471205', 16, '/uploads/thumbs/1471205/online-video-rolik');" onmouseout="thumbStop('1471205', '/uploads/thumbs/1471205/online-video-rolik', '9');" data-original="/uploads/thumbs/1471205/online-video-rolik-9.jpg" />
     <noscript><img src="/uploads/thumbs/1471205/online-video-rolik-9.jpg"></noscript>
	 </span>
								<span class="time">4:44</span>
</div><div class="shortvideo">
								<span class="hidden-link" data-link="http://anal-porno.su/1181-online-video-rolik.html">
<img id="239722" class="lazy" src="/templates/AP/images/grey.gif" onmouseover="thumbStart('239722', 16, '/uploads/thumbs/239722/online-video-rolik');" onmouseout="thumbStop('239722', '/uploads/thumbs/239722/online-video-rolik', '8');" data-original="/uploads/thumbs/239722/online-video-rolik-8.jpg" />
     <noscript><img src="/uploads/thumbs/239722/online-video-rolik-8.jpg"></noscript>
	 </span>
								<span class="time">32:23</span>
</div><div class="shortvideo">
								<span class="hidden-link" data-link="http://anal-porno.su/450-online-video-rolik.html">
<img id="574078" class="lazy" src="/templates/AP/images/grey.gif" onmouseover="thumbStart('574078', 16, '/uploads/thumbs/574078/online-video-rolik');" onmouseout="thumbStop('574078', '/uploads/thumbs/574078/online-video-rolik', '14');" data-original="/uploads/thumbs/574078/online-video-rolik-14.jpg" />
     <noscript><img src="/uploads/thumbs/574078/online-video-rolik-14.jpg"></noscript>
	 </span>
								<span class="time">7:52</span>
</div><div class="shortvideo">
								<span class="hidden-link" data-link="http://anal-porno.su/925-online-video-rolik.html">
<img id="303394" class="lazy" src="/templates/AP/images/grey.gif" onmouseover="thumbStart('303394', 16, '/uploads/thumbs/303394/online-video-rolik');" onmouseout="thumbStop('303394', '/uploads/thumbs/303394/online-video-rolik', '4');" data-original="/uploads/thumbs/303394/online-video-rolik-4.jpg" />
     <noscript><img src="/uploads/thumbs/303394/online-video-rolik-4.jpg"></noscript>
	 </span>
								<span class="time">7:00</span>
</div><div class="shortvideo">
								<span class="hidden-link" data-link="http://anal-porno.su/881-online-video-rolik.html">
<img id="275420" class="lazy" src="/templates/AP/images/grey.gif" onmouseover="thumbStart('275420', 16, '/uploads/thumbs/275420/online-video-rolik');" onmouseout="thumbStop('275420', '/uploads/thumbs/275420/online-video-rolik', '9');" data-original="/uploads/thumbs/275420/online-video-rolik-9.jpg" />
     <noscript><img src="/uploads/thumbs/275420/online-video-rolik-9.jpg"></noscript>
	 </span>
								<span class="time">21:07</span>
</div><div class="shortvideo">
								<span class="hidden-link" data-link="http://anal-porno.su/1118-online-video-rolik.html">
<img id="25247" class="lazy" src="/templates/AP/images/grey.gif" onmouseover="thumbStart('25247', 16, '/uploads/thumbs/25247/online-video-rolik');" onmouseout="thumbStop('25247', '/uploads/thumbs/25247/online-video-rolik', '13');" data-original="/uploads/thumbs/25247/online-video-rolik-13.jpg" />
     <noscript><img src="/uploads/thumbs/25247/online-video-rolik-13.jpg"></noscript>
	 </span>
								<span class="time">19:09</span>
</div><div class="shortvideo">
								<span class="hidden-link" data-link="http://anal-porno.su/760-online-video-rolik.html">
<img id="234673" class="lazy" src="/templates/AP/images/grey.gif" onmouseover="thumbStart('234673', 16, '/uploads/thumbs/234673/online-video-rolik');" onmouseout="thumbStop('234673', '/uploads/thumbs/234673/online-video-rolik', '11');" data-original="/uploads/thumbs/234673/online-video-rolik-11.jpg" />
     <noscript><img src="/uploads/thumbs/234673/online-video-rolik-11.jpg"></noscript>
	 </span>
								<span class="time">8:14</span>
</div><div class="shortvideo">
								<span class="hidden-link" data-link="http://anal-porno.su/524-online-video-rolik.html">
<img id="1095498" class="lazy" src="/templates/AP/images/grey.gif" onmouseover="thumbStart('1095498', 16, '/uploads/thumbs/1095498/online-video-rolik');" onmouseout="thumbStop('1095498', '/uploads/thumbs/1095498/online-video-rolik', '6');" data-original="/uploads/thumbs/1095498/online-video-rolik-6.jpg" />
     <noscript><img src="/uploads/thumbs/1095498/online-video-rolik-6.jpg"></noscript>
	 </span>
								<span class="time">11:35</span>
</div><div class="shortvideo">
								<span class="hidden-link" data-link="http://anal-porno.su/1001-online-video-rolik.html">
<img id="1134517" class="lazy" src="/templates/AP/images/grey.gif" onmouseover="thumbStart('1134517', 16, '/uploads/thumbs/1134517/online-video-rolik');" onmouseout="thumbStop('1134517', '/uploads/thumbs/1134517/online-video-rolik', '12');" data-original="/uploads/thumbs/1134517/online-video-rolik-12.jpg" />
     <noscript><img src="/uploads/thumbs/1134517/online-video-rolik-12.jpg"></noscript>
	 </span>
								<span class="time">7:30</span>
</div><div class="shortvideo">
								<span class="hidden-link" data-link="http://anal-porno.su/913-online-video-rolik.html">
<img id="4556" class="lazy" src="/templates/AP/images/grey.gif" onmouseover="thumbStart('4556', 16, '/uploads/thumbs/4556/online-video-rolik');" onmouseout="thumbStop('4556', '/uploads/thumbs/4556/online-video-rolik', '14');" data-original="/uploads/thumbs/4556/online-video-rolik-14.jpg" />
     <noscript><img src="/uploads/thumbs/4556/online-video-rolik-14.jpg"></noscript>
	 </span>
								<span class="time">0:11</span>
</div><div class="shortvideo">
								<span class="hidden-link" data-link="http://anal-porno.su/1237-online-video-rolik.html">
<img id="1358307" class="lazy" src="/templates/AP/images/grey.gif" onmouseover="thumbStart('1358307', 16, '/uploads/thumbs/1358307/online-video-rolik');" onmouseout="thumbStop('1358307', '/uploads/thumbs/1358307/online-video-rolik', '3');" data-original="/uploads/thumbs/1358307/online-video-rolik-3.jpg" />
     <noscript><img src="/uploads/thumbs/1358307/online-video-rolik-3.jpg"></noscript>
	 </span>
								<span class="time">14:03</span>
</div><div class="shortvideo">
								<span class="hidden-link" data-link="http://anal-porno.su/1280-online-video-rolik.html">
<img id="650939" class="lazy" src="/templates/AP/images/grey.gif" onmouseover="thumbStart('650939', 16, '/uploads/thumbs/650939/online-video-rolik');" onmouseout="thumbStop('650939', '/uploads/thumbs/650939/online-video-rolik', '7');" data-original="/uploads/thumbs/650939/online-video-rolik-7.jpg" />
     <noscript><img src="/uploads/thumbs/650939/online-video-rolik-7.jpg"></noscript>
	 </span>
								<span class="time">20:16</span>
</div><div class="shortvideo">
								<span class="hidden-link" data-link="http://anal-porno.su/1169-online-video-rolik.html">
<img id="357435" class="lazy" src="/templates/AP/images/grey.gif" onmouseover="thumbStart('357435', 16, '/uploads/thumbs/357435/online-video-rolik');" onmouseout="thumbStop('357435', '/uploads/thumbs/357435/online-video-rolik', '14');" data-original="/uploads/thumbs/357435/online-video-rolik-14.jpg" />
     <noscript><img src="/uploads/thumbs/357435/online-video-rolik-14.jpg"></noscript>
	 </span>
								<span class="time">23:59</span>
</div><div class="shortvideo">
								<span class="hidden-link" data-link="http://anal-porno.su/1126-online-video-rolik.html">
<img id="195311" class="lazy" src="/templates/AP/images/grey.gif" onmouseover="thumbStart('195311', 16, '/uploads/thumbs/195311/online-video-rolik');" onmouseout="thumbStop('195311', '/uploads/thumbs/195311/online-video-rolik', '13');" data-original="/uploads/thumbs/195311/online-video-rolik-13.jpg" />
     <noscript><img src="/uploads/thumbs/195311/online-video-rolik-13.jpg"></noscript>
	 </span>
								<span class="time">1:35:44</span>
</div><div class="shortvideo">
								<span class="hidden-link" data-link="http://anal-porno.su/593-online-video-rolik.html">
<img id="456421" class="lazy" src="/templates/AP/images/grey.gif" onmouseover="thumbStart('456421', 16, '/uploads/thumbs/456421/online-video-rolik');" onmouseout="thumbStop('456421', '/uploads/thumbs/456421/online-video-rolik', '9');" data-original="/uploads/thumbs/456421/online-video-rolik-9.jpg" />
     <noscript><img src="/uploads/thumbs/456421/online-video-rolik-9.jpg"></noscript>
	 </span>
								<span class="time">12:02</span>
</div><div class="shortvideo">
								<span class="hidden-link" data-link="http://anal-porno.su/1113-online-video-rolik.html">
<img id="873347" class="lazy" src="/templates/AP/images/grey.gif" onmouseover="thumbStart('873347', 16, '/uploads/thumbs/873347/online-video-rolik');" onmouseout="thumbStop('873347', '/uploads/thumbs/873347/online-video-rolik', '11');" data-original="/uploads/thumbs/873347/online-video-rolik-11.jpg" />
     <noscript><img src="/uploads/thumbs/873347/online-video-rolik-11.jpg"></noscript>
	 </span>
								<span class="time">25:08</span>
</div><div class="shortvideo">
								<span class="hidden-link" data-link="http://anal-porno.su/890-online-video-rolik.html">
<img id="267969" class="lazy" src="/templates/AP/images/grey.gif" onmouseover="thumbStart('267969', 16, '/uploads/thumbs/267969/online-video-rolik');" onmouseout="thumbStop('267969', '/uploads/thumbs/267969/online-video-rolik', '7');" data-original="/uploads/thumbs/267969/online-video-rolik-7.jpg" />
     <noscript><img src="/uploads/thumbs/267969/online-video-rolik-7.jpg"></noscript>
	 </span>
								<span class="time">8:31</span>
</div><div class="shortvideo">
								<span class="hidden-link" data-link="http://anal-porno.su/203-online-video-rolik.html">
<img id="643248" class="lazy" src="/templates/AP/images/grey.gif" onmouseover="thumbStart('643248', 16, '/uploads/thumbs/643248/online-video-rolik');" onmouseout="thumbStop('643248', '/uploads/thumbs/643248/online-video-rolik', '13');" data-original="/uploads/thumbs/643248/online-video-rolik-13.jpg" />
     <noscript><img src="/uploads/thumbs/643248/online-video-rolik-13.jpg"></noscript>
	 </span>
								<span class="time">27:06</span>
</div><div class="shortvideo">
								<span class="hidden-link" data-link="http://anal-porno.su/533-online-video-rolik.html">
<img id="196919" class="lazy" src="/templates/AP/images/grey.gif" onmouseover="thumbStart('196919', 16, '/uploads/thumbs/196919/online-video-rolik');" onmouseout="thumbStop('196919', '/uploads/thumbs/196919/online-video-rolik', '15');" data-original="/uploads/thumbs/196919/online-video-rolik-15.jpg" />
     <noscript><img src="/uploads/thumbs/196919/online-video-rolik-15.jpg"></noscript>
	 </span>
								<span class="time">8:01</span>
</div><div class="shortvideo">
								<span class="hidden-link" data-link="http://anal-porno.su/352-online-video-rolik.html">
<img id="1126297" class="lazy" src="/templates/AP/images/grey.gif" onmouseover="thumbStart('1126297', 16, '/uploads/thumbs/1126297/online-video-rolik');" onmouseout="thumbStop('1126297', '/uploads/thumbs/1126297/online-video-rolik', '12');" data-original="/uploads/thumbs/1126297/online-video-rolik-12.jpg" />
     <noscript><img src="/uploads/thumbs/1126297/online-video-rolik-12.jpg"></noscript>
	 </span>
								<span class="time">15:11</span>
</div><div class="shortvideo">
								<span class="hidden-link" data-link="http://anal-porno.su/543-online-video-rolik.html">
<img id="1233968" class="lazy" src="/templates/AP/images/grey.gif" onmouseover="thumbStart('1233968', 16, '/uploads/thumbs/1233968/online-video-rolik');" onmouseout="thumbStop('1233968', '/uploads/thumbs/1233968/online-video-rolik', '13');" data-original="/uploads/thumbs/1233968/online-video-rolik-13.jpg" />
     <noscript><img src="/uploads/thumbs/1233968/online-video-rolik-13.jpg"></noscript>
	 </span>
								<span class="time">13:03</span>
</div><div class="shortvideo">
								<span class="hidden-link" data-link="http://anal-porno.su/1043-online-video-rolik.html">
<img id="1125593" class="lazy" src="/templates/AP/images/grey.gif" onmouseover="thumbStart('1125593', 16, '/uploads/thumbs/1125593/online-video-rolik');" onmouseout="thumbStop('1125593', '/uploads/thumbs/1125593/online-video-rolik', '7');" data-original="/uploads/thumbs/1125593/online-video-rolik-7.jpg" />
     <noscript><img src="/uploads/thumbs/1125593/online-video-rolik-7.jpg"></noscript>
	 </span>
								<span class="time">7:42</span>
</div><div class="shortvideo">
								<span class="hidden-link" data-link="http://anal-porno.su/1248-online-video-rolik.html">
<img id="1090097" class="lazy" src="/templates/AP/images/grey.gif" onmouseover="thumbStart('1090097', 16, '/uploads/thumbs/1090097/online-video-rolik');" onmouseout="thumbStop('1090097', '/uploads/thumbs/1090097/online-video-rolik', '9');" data-original="/uploads/thumbs/1090097/online-video-rolik-9.jpg" />
     <noscript><img src="/uploads/thumbs/1090097/online-video-rolik-9.jpg"></noscript>
	 </span>
								<span class="time">7:37</span>
</div><div class="shortvideo">
								<span class="hidden-link" data-link="http://anal-porno.su/1250-online-video-rolik.html">
<img id="1474820" class="lazy" src="/templates/AP/images/grey.gif" onmouseover="thumbStart('1474820', 16, '/uploads/thumbs/1474820/online-video-rolik');" onmouseout="thumbStop('1474820', '/uploads/thumbs/1474820/online-video-rolik', '6');" data-original="/uploads/thumbs/1474820/online-video-rolik-6.jpg" />
     <noscript><img src="/uploads/thumbs/1474820/online-video-rolik-6.jpg"></noscript>
	 </span>
								<span class="time">10:03</span>
</div><div class="shortvideo">
								<span class="hidden-link" data-link="http://anal-porno.su/804-online-video-rolik.html">
<img id="108445" class="lazy" src="/templates/AP/images/grey.gif" onmouseover="thumbStart('108445', 16, '/uploads/thumbs/108445/online-video-rolik');" onmouseout="thumbStop('108445', '/uploads/thumbs/108445/online-video-rolik', '3');" data-original="/uploads/thumbs/108445/online-video-rolik-3.jpg" />
     <noscript><img src="/uploads/thumbs/108445/online-video-rolik-3.jpg"></noscript>
	 </span>
								<span class="time">10:31</span>
</div><div class="shortvideo">
								<span class="hidden-link" data-link="http://anal-porno.su/505-online-video-rolik.html">
<img id="628176" class="lazy" src="/templates/AP/images/grey.gif" onmouseover="thumbStart('628176', 16, '/uploads/thumbs/628176/online-video-rolik');" onmouseout="thumbStop('628176', '/uploads/thumbs/628176/online-video-rolik', '14');" data-original="/uploads/thumbs/628176/online-video-rolik-14.jpg" />
     <noscript><img src="/uploads/thumbs/628176/online-video-rolik-14.jpg"></noscript>
	 </span>
								<span class="time">37:45</span>
</div><div class="shortvideo">
								<span class="hidden-link" data-link="http://anal-porno.su/789-online-video-rolik.html">
<img id="1608263" class="lazy" src="/templates/AP/images/grey.gif" onmouseover="thumbStart('1608263', 16, '/uploads/thumbs/1608263/online-video-rolik');" onmouseout="thumbStop('1608263', '/uploads/thumbs/1608263/online-video-rolik', '15');" data-original="/uploads/thumbs/1608263/online-video-rolik-15.jpg" />
     <noscript><img src="/uploads/thumbs/1608263/online-video-rolik-15.jpg"></noscript>
	 </span>
								<span class="time">8:13</span>
</div><div class="shortvideo">
								<span class="hidden-link" data-link="http://anal-porno.su/1038-online-video-rolik.html">
<img id="1569482" class="lazy" src="/templates/AP/images/grey.gif" onmouseover="thumbStart('1569482', 16, '/uploads/thumbs/1569482/online-video-rolik');" onmouseout="thumbStop('1569482', '/uploads/thumbs/1569482/online-video-rolik', '16');" data-original="/uploads/thumbs/1569482/online-video-rolik-16.jpg" />
     <noscript><img src="/uploads/thumbs/1569482/online-video-rolik-16.jpg"></noscript>
	 </span>
								<span class="time">12:46</span>
</div><div class="shortvideo">
								<span class="hidden-link" data-link="http://anal-porno.su/1121-online-video-rolik.html">
<img id="92303" class="lazy" src="/templates/AP/images/grey.gif" onmouseover="thumbStart('92303', 16, '/uploads/thumbs/92303/online-video-rolik');" onmouseout="thumbStop('92303', '/uploads/thumbs/92303/online-video-rolik', '13');" data-original="/uploads/thumbs/92303/online-video-rolik-13.jpg" />
     <noscript><img src="/uploads/thumbs/92303/online-video-rolik-13.jpg"></noscript>
	 </span>
								<span class="time">13:33</span>
</div><div class="shortvideo">
								<span class="hidden-link" data-link="http://anal-porno.su/746-online-video-rolik.html">
<img id="169277" class="lazy" src="/templates/AP/images/grey.gif" onmouseover="thumbStart('169277', 16, '/uploads/thumbs/169277/online-video-rolik');" onmouseout="thumbStop('169277', '/uploads/thumbs/169277/online-video-rolik', '15');" data-original="/uploads/thumbs/169277/online-video-rolik-15.jpg" />
     <noscript><img src="/uploads/thumbs/169277/online-video-rolik-15.jpg"></noscript>
	 </span>
								<span class="time">7:58</span>
</div><div class="shortvideo">
								<span class="hidden-link" data-link="http://anal-porno.su/1155-online-video-rolik.html">
<img id="334012" class="lazy" src="/templates/AP/images/grey.gif" onmouseover="thumbStart('334012', 16, '/uploads/thumbs/334012/online-video-rolik');" onmouseout="thumbStop('334012', '/uploads/thumbs/334012/online-video-rolik', '15');" data-original="/uploads/thumbs/334012/online-video-rolik-15.jpg" />
     <noscript><img src="/uploads/thumbs/334012/online-video-rolik-15.jpg"></noscript>
	 </span>
								<span class="time">8:29</span>
</div><div class="shortvideo">
								<span class="hidden-link" data-link="http://anal-porno.su/647-online-video-rolik.html">
<img id="1250210" class="lazy" src="/templates/AP/images/grey.gif" onmouseover="thumbStart('1250210', 16, '/uploads/thumbs/1250210/online-video-rolik');" onmouseout="thumbStop('1250210', '/uploads/thumbs/1250210/online-video-rolik', '8');" data-original="/uploads/thumbs/1250210/online-video-rolik-8.jpg" />
     <noscript><img src="/uploads/thumbs/1250210/online-video-rolik-8.jpg"></noscript>
	 </span>
								<span class="time">5:46</span>
</div><div class="shortvideo">
								<span class="hidden-link" data-link="http://anal-porno.su/706-online-video-rolik.html">
<img id="501107" class="lazy" src="/templates/AP/images/grey.gif" onmouseover="thumbStart('501107', 16, '/uploads/thumbs/501107/online-video-rolik');" onmouseout="thumbStop('501107', '/uploads/thumbs/501107/online-video-rolik', '13');" data-original="/uploads/thumbs/501107/online-video-rolik-13.jpg" />
     <noscript><img src="/uploads/thumbs/501107/online-video-rolik-13.jpg"></noscript>
	 </span>
								<span class="time">8:21</span>
</div><div class="shortvideo">
								<span class="hidden-link" data-link="http://anal-porno.su/211-online-video-rolik.html">
<img id="1439658" class="lazy" src="/templates/AP/images/grey.gif" onmouseover="thumbStart('1439658', 16, '/uploads/thumbs/1439658/online-video-rolik');" onmouseout="thumbStop('1439658', '/uploads/thumbs/1439658/online-video-rolik', '12');" data-original="/uploads/thumbs/1439658/online-video-rolik-12.jpg" />
     <noscript><img src="/uploads/thumbs/1439658/online-video-rolik-12.jpg"></noscript>
	 </span>
								<span class="time">8:31</span>
</div><div class="shortvideo">
								<span class="hidden-link" data-link="http://anal-porno.su/507-online-video-rolik.html">
<img id="195594" class="lazy" src="/templates/AP/images/grey.gif" onmouseover="thumbStart('195594', 16, '/uploads/thumbs/195594/online-video-rolik');" onmouseout="thumbStop('195594', '/uploads/thumbs/195594/online-video-rolik', '16');" data-original="/uploads/thumbs/195594/online-video-rolik-16.jpg" />
     <noscript><img src="/uploads/thumbs/195594/online-video-rolik-16.jpg"></noscript>
	 </span>
								<span class="time">22:49</span>
</div><div class="shortvideo">
								<span class="hidden-link" data-link="http://anal-porno.su/607-online-video-rolik.html">
<img id="549976" class="lazy" src="/templates/AP/images/grey.gif" onmouseover="thumbStart('549976', 16, '/uploads/thumbs/549976/online-video-rolik');" onmouseout="thumbStop('549976', '/uploads/thumbs/549976/online-video-rolik', '14');" data-original="/uploads/thumbs/549976/online-video-rolik-14.jpg" />
     <noscript><img src="/uploads/thumbs/549976/online-video-rolik-14.jpg"></noscript>
	 </span>
								<span class="time">7:53</span>
</div><div class="shortvideo">
								<span class="hidden-link" data-link="http://anal-porno.su/1190-online-video-rolik.html">
<img id="1277014" class="lazy" src="/templates/AP/images/grey.gif" onmouseover="thumbStart('1277014', 16, '/uploads/thumbs/1277014/online-video-rolik');" onmouseout="thumbStop('1277014', '/uploads/thumbs/1277014/online-video-rolik', '15');" data-original="/uploads/thumbs/1277014/online-video-rolik-15.jpg" />
     <noscript><img src="/uploads/thumbs/1277014/online-video-rolik-15.jpg"></noscript>
	 </span>
								<span class="time">7:52</span>
</div><div class="shortvideo">
								<span class="hidden-link" data-link="http://anal-porno.su/308-online-video-rolik.html">
<img id="653295" class="lazy" src="/templates/AP/images/grey.gif" onmouseover="thumbStart('653295', 16, '/uploads/thumbs/653295/online-video-rolik');" onmouseout="thumbStop('653295', '/uploads/thumbs/653295/online-video-rolik', '13');" data-original="/uploads/thumbs/653295/online-video-rolik-13.jpg" />
     <noscript><img src="/uploads/thumbs/653295/online-video-rolik-13.jpg"></noscript>
	 </span>
								<span class="time">32:05</span>
</div><div class="shortvideo">
								<span class="hidden-link" data-link="http://anal-porno.su/540-online-video-rolik.html">
<img id="341596" class="lazy" src="/templates/AP/images/grey.gif" onmouseover="thumbStart('341596', 16, '/uploads/thumbs/341596/online-video-rolik');" onmouseout="thumbStop('341596', '/uploads/thumbs/341596/online-video-rolik', '14');" data-original="/uploads/thumbs/341596/online-video-rolik-14.jpg" />
     <noscript><img src="/uploads/thumbs/341596/online-video-rolik-14.jpg"></noscript>
	 </span>
								<span class="time">8:18</span>
</div><div class="shortvideo">
								<span class="hidden-link" data-link="http://anal-porno.su/486-online-video-rolik.html">
<img id="24451" class="lazy" src="/templates/AP/images/grey.gif" onmouseover="thumbStart('24451', 16, '/uploads/thumbs/24451/online-video-rolik');" onmouseout="thumbStop('24451', '/uploads/thumbs/24451/online-video-rolik', '6');" data-original="/uploads/thumbs/24451/online-video-rolik-6.jpg" />
     <noscript><img src="/uploads/thumbs/24451/online-video-rolik-6.jpg"></noscript>
	 </span>
								<span class="time">29:12</span>
</div><div class="shortvideo">
								<span class="hidden-link" data-link="http://anal-porno.su/459-online-video-rolik.html">
<img id="23158" class="lazy" src="/templates/AP/images/grey.gif" onmouseover="thumbStart('23158', 16, '/uploads/thumbs/23158/online-video-rolik');" onmouseout="thumbStop('23158', '/uploads/thumbs/23158/online-video-rolik', '13');" data-original="/uploads/thumbs/23158/online-video-rolik-13.jpg" />
     <noscript><img src="/uploads/thumbs/23158/online-video-rolik-13.jpg"></noscript>
	 </span>
								<span class="time">36:34</span>
</div><div class="shortvideo">
								<span class="hidden-link" data-link="http://anal-porno.su/1048-online-video-rolik.html">
<img id="1321071" class="lazy" src="/templates/AP/images/grey.gif" onmouseover="thumbStart('1321071', 16, '/uploads/thumbs/1321071/online-video-rolik');" onmouseout="thumbStop('1321071', '/uploads/thumbs/1321071/online-video-rolik', '11');" data-original="/uploads/thumbs/1321071/online-video-rolik-11.jpg" />
     <noscript><img src="/uploads/thumbs/1321071/online-video-rolik-11.jpg"></noscript>
	 </span>
								<span class="time">9:34</span>
</div><div class="shortvideo">
								<span class="hidden-link" data-link="http://anal-porno.su/299-online-video-rolik.html">
<img id="1106291" class="lazy" src="/templates/AP/images/grey.gif" onmouseover="thumbStart('1106291', 16, '/uploads/thumbs/1106291/online-video-rolik');" onmouseout="thumbStop('1106291', '/uploads/thumbs/1106291/online-video-rolik', '7');" data-original="/uploads/thumbs/1106291/online-video-rolik-7.jpg" />
     <noscript><img src="/uploads/thumbs/1106291/online-video-rolik-7.jpg"></noscript>
	 </span>
								<span class="time">13:36</span>
</div><div class="shortvideo">
								<span class="hidden-link" data-link="http://anal-porno.su/594-online-video-rolik.html">
<img id="561688" class="lazy" src="/templates/AP/images/grey.gif" onmouseover="thumbStart('561688', 16, '/uploads/thumbs/561688/online-video-rolik');" onmouseout="thumbStop('561688', '/uploads/thumbs/561688/online-video-rolik', '7');" data-original="/uploads/thumbs/561688/online-video-rolik-7.jpg" />
     <noscript><img src="/uploads/thumbs/561688/online-video-rolik-7.jpg"></noscript>
	 </span>
								<span class="time">7:46</span>
</div><div class="shortvideo">
								<span class="hidden-link" data-link="http://anal-porno.su/340-online-video-rolik.html">
<img id="905923" class="lazy" src="/templates/AP/images/grey.gif" onmouseover="thumbStart('905923', 16, '/uploads/thumbs/905923/online-video-rolik');" onmouseout="thumbStop('905923', '/uploads/thumbs/905923/online-video-rolik', '12');" data-original="/uploads/thumbs/905923/online-video-rolik-12.jpg" />
     <noscript><img src="/uploads/thumbs/905923/online-video-rolik-12.jpg"></noscript>
	 </span>
								<span class="time">14:11</span>
</div><div class="shortvideo">
								<span class="hidden-link" data-link="http://anal-porno.su/729-online-video-rolik.html">
<img id="421822" class="lazy" src="/templates/AP/images/grey.gif" onmouseover="thumbStart('421822', 16, '/uploads/thumbs/421822/online-video-rolik');" onmouseout="thumbStop('421822', '/uploads/thumbs/421822/online-video-rolik', '12');" data-original="/uploads/thumbs/421822/online-video-rolik-12.jpg" />
     <noscript><img src="/uploads/thumbs/421822/online-video-rolik-12.jpg"></noscript>
	 </span>
								<span class="time">8:47</span>
</div><div class="shortvideo">
								<span class="hidden-link" data-link="http://anal-porno.su/496-online-video-rolik.html">
<img id="1663195" class="lazy" src="/templates/AP/images/grey.gif" onmouseover="thumbStart('1663195', 16, '/uploads/thumbs/1663195/online-video-rolik');" onmouseout="thumbStop('1663195', '/uploads/thumbs/1663195/online-video-rolik', '16');" data-original="/uploads/thumbs/1663195/online-video-rolik-16.jpg" />
     <noscript><img src="/uploads/thumbs/1663195/online-video-rolik-16.jpg"></noscript>
	 </span>
								<span class="time">11:10</span>
</div><div class="shortvideo">
								<span class="hidden-link" data-link="http://anal-porno.su/569-online-video-rolik.html">
<img id="1281" class="lazy" src="/templates/AP/images/grey.gif" onmouseover="thumbStart('1281', 16, '/uploads/thumbs/1281/online-video-rolik');" onmouseout="thumbStop('1281', '/uploads/thumbs/1281/online-video-rolik', '1');" data-original="/uploads/thumbs/1281/online-video-rolik-1.jpg" />
     <noscript><img src="/uploads/thumbs/1281/online-video-rolik-1.jpg"></noscript>
	 </span>
								<span class="time">7:16</span>
</div><div class="shortvideo">
								<span class="hidden-link" data-link="http://anal-porno.su/529-online-video-rolik.html">
<img id="505807" class="lazy" src="/templates/AP/images/grey.gif" onmouseover="thumbStart('505807', 16, '/uploads/thumbs/505807/online-video-rolik');" onmouseout="thumbStop('505807', '/uploads/thumbs/505807/online-video-rolik', '5');" data-original="/uploads/thumbs/505807/online-video-rolik-5.jpg" />
     <noscript><img src="/uploads/thumbs/505807/online-video-rolik-5.jpg"></noscript>
	 </span>
								<span class="time">9:53</span>
</div><div class="shortvideo">
								<span class="hidden-link" data-link="http://anal-porno.su/805-online-video-rolik.html">
<img id="82425" class="lazy" src="/templates/AP/images/grey.gif" onmouseover="thumbStart('82425', 16, '/uploads/thumbs/82425/online-video-rolik');" onmouseout="thumbStop('82425', '/uploads/thumbs/82425/online-video-rolik', '16');" data-original="/uploads/thumbs/82425/online-video-rolik-16.jpg" />
     <noscript><img src="/uploads/thumbs/82425/online-video-rolik-16.jpg"></noscript>
	 </span>
								<span class="time">19:23</span>
</div><div class="shortvideo">
								<span class="hidden-link" data-link="http://anal-porno.su/238-online-video-rolik.html">
<img id="618502" class="lazy" src="/templates/AP/images/grey.gif" onmouseover="thumbStart('618502', 16, '/uploads/thumbs/618502/online-video-rolik');" onmouseout="thumbStop('618502', '/uploads/thumbs/618502/online-video-rolik', '15');" data-original="/uploads/thumbs/618502/online-video-rolik-15.jpg" />
     <noscript><img src="/uploads/thumbs/618502/online-video-rolik-15.jpg"></noscript>
	 </span>
								<span class="time">3:23</span>
</div><div class="shortvideo">
								<span class="hidden-link" data-link="http://anal-porno.su/870-online-video-rolik.html">
<img id="503369" class="lazy" src="/templates/AP/images/grey.gif" onmouseover="thumbStart('503369', 16, '/uploads/thumbs/503369/online-video-rolik');" onmouseout="thumbStop('503369', '/uploads/thumbs/503369/online-video-rolik', '3');" data-original="/uploads/thumbs/503369/online-video-rolik-3.jpg" />
     <noscript><img src="/uploads/thumbs/503369/online-video-rolik-3.jpg"></noscript>
	 </span>
								<span class="time">44:57</span>
</div>
<div class="shortvideo">
								<span class="hidden-link" data-link="http://anal-porno.su/1327-online-video-rolik.html">
<img id="438952" class="lazy" src="/templates/AP/images/grey.gif" onmouseover="thumbStart('438952', 16, '/uploads/thumbs/438952/online-video-rolik');" onmouseout="thumbStop('438952', '/uploads/thumbs/438952/online-video-rolik', '14');" data-original="/uploads/thumbs/438952/online-video-rolik-14.jpg" />
     <noscript><img src="/uploads/thumbs/438952/online-video-rolik-14.jpg"></noscript>
	 </span>
								<span class="time">8:20</span>
</div><div class="shortvideo">
								<span class="hidden-link" data-link="http://anal-porno.su/1328-online-video-rolik.html">
<img id="329840" class="lazy" src="/templates/AP/images/grey.gif" onmouseover="thumbStart('329840', 16, '/uploads/thumbs/329840/online-video-rolik');" onmouseout="thumbStop('329840', '/uploads/thumbs/329840/online-video-rolik', '8');" data-original="/uploads/thumbs/329840/online-video-rolik-8.jpg" />
     <noscript><img src="/uploads/thumbs/329840/online-video-rolik-8.jpg"></noscript>
	 </span>
								<span class="time">26:00</span>
</div><div class="shortvideo">
								<span class="hidden-link" data-link="http://anal-porno.su/1329-online-video-rolik.html">
<img id="570506" class="lazy" src="/templates/AP/images/grey.gif" onmouseover="thumbStart('570506', 16, '/uploads/thumbs/570506/online-video-rolik');" onmouseout="thumbStop('570506', '/uploads/thumbs/570506/online-video-rolik', '16');" data-original="/uploads/thumbs/570506/online-video-rolik-16.jpg" />
     <noscript><img src="/uploads/thumbs/570506/online-video-rolik-16.jpg"></noscript>
	 </span>
								<span class="time">27:37</span>
</div><br class="clearfloat" />
<div class="nav">
<span></span>
<a class="navi paging active">1</a> <a rel="nofollow" href="http://anal-porno.su/page/2/">2</a> <a rel="nofollow" href="http://anal-porno.su/page/3/">3</a> <a rel="nofollow" href="http://anal-porno.su/page/4/">4</a> <a rel="nofollow" href="http://anal-porno.su/page/5/">5</a> <a rel="nofollow" href="http://anal-porno.su/page/6/">6</a> <a rel="nofollow" href="http://anal-porno.su/page/7/">7</a> <a rel="nofollow" href="http://anal-porno.su/page/8/">8</a> <a rel="nofollow" href="http://anal-porno.su/page/9/">9</a> <a rel="nofollow" href="http://anal-porno.su/page/10/">10</a> <span class="nav_ext">...</span> <a href="http://anal-porno.su/page/382/">382</a>
<a class="next navi paging" rel="nofollow" href="http://anal-porno.su/page/2/">Вперед &#9656;</a>
</div>
</noindex>
<br class="clearfloat" />
</div>



<noindex><br /><br />
<div class="basecont">
	<div class="dpad">
		<h2 class="heading"><span id="news-title">Другие Категории</span></h2>
		<div class="shortcat">
<span class="hidden-link" data-link="http://porno-aziatki.com/">
  <img src="/templates/AP/images/imgcat/porno-aziatki.jpg">
Азиатки
	 </span>							
</div>					<div class="shortcat">
								<span class="hidden-link" data-link="http://bolshie-siski.com/">
<img src="/templates/AP/images/imgcat/bolshie-siski.jpg">
Большие Сиськи
	 </span>
</div>

						<div class="shortcat">
<span class="hidden-link" data-link="http://gey-porno.net/">
  <img src="/templates/AP/images/imgcat/gey-porno.jpg">
Гей Порно
	 </span>							
</div>								<div class="shortcat">
								<span class="hidden-link" data-link="http://gruppovoe-porno.net/">
 <img src="/templates/AP/images/imgcat/gruppovoe-porno.jpg">
Групповое Порно
	 </span>
								
</div>								
<div class="shortcat">
								<span class="hidden-link" data-link="http://domashnee-porno.org/">
 <img src="/templates/AP/images/imgcat/domashnee-porno.jpg">
Домашнее Порно
	 </span>
								
</div>
<div class="shortcat">
								<span class="hidden-link" data-link="http://lesbiyanki.net/">
<img src="/templates/AP/images/imgcat/lesbiyanki.jpg">
Лесбиянки
	 </span>
</div>


						<div class="shortcat">
<span class="hidden-link" data-link="http://porno-mamki.com/">
  <img src="/templates/AP/images/imgcat/porno-mamki.jpg">
Мамки
	 </span>							
</div>								<div class="shortcat">
								<span class="hidden-link" data-link="http://molodoe-porno.com/">
 <img src="/templates/AP/images/imgcat/molodoe-porno.jpg">
Молоденькие
	 </span>
								
</div>								<div class="shortcat">
								<span class="hidden-link" data-link="http://russkoeporno.su/">
<img src="/templates/AP/images/imgcat/russkoeporno.jpg">
Русское Порно
	 </span>
</div>
		<br clear="all" />
		<div class="storenumber"></div>
	</div>
</div>


<br /><br /><br /><br /></noindex>

<div class="b1">
<p><b>бесплатное анальное порно</b><span>ПОРНО ВИДЕО ДЛЯ МОБИЛЬНЫХ И ПК</span></p>
<a href="/" title="Анальное Порно" class="link2">anal-porno.su</a><span class="girl1"></span>
</div>
</div>
</div>
</div>
</div>
<div style="display: none;">
<!--LiveInternet counter--><script type="text/javascript"><!--
document.write("<a href='//www.liveinternet.ru/click' "+
"target=_blank><img src='//counter.yadro.ru/hit?t14.5;r"+
escape(document.referrer)+((typeof(screen)=="undefined")?"":
";s"+screen.width+"*"+screen.height+"*"+(screen.colorDepth?
screen.colorDepth:screen.pixelDepth))+";u"+escape(document.URL)+
";"+Math.random()+
"' alt='' title='LiveInternet: показано число просмотров за 24"+
" часа, посетителей за 24 часа и за сегодня' "+
"border='0' width='88' height='31'><\/a>")
//--></script><!--/LiveInternet-->
</div>
<script src="/templates/AP/js/scripts.js"></script>
<script type="text/javascript">
$(function() {
$("img.lazy").show().lazyload({
effect : "fadeIn"
});
});
</script>
<script>$('.hidden-link').replaceWith(function(){return'<a href="'+$(this).data('link')+'">'+$(this).html()+'</a>';})</script>        
</body>
</html>