<!DOCTYPE html PUBLIC "-//W3C//DTD XHTML 1.0 Strict//EN" "http://www.w3.org/TR/xhtml1/DTD/xhtml1-strict.dtd">
<html>
<head>
	<title>Андрей Девятов – официальный сайт</title>
	<meta name="yandex-verification" content="94645039c588c41d" />
	<meta http-equiv="content-type" content="text/html; charset=utf-8">
	
	<meta content="ДЕВЯТОВ, девятов андрей, небополитика" name="keywords">
	<meta name="interkassa-verification" content="d2625214bee4b028d0064f8a0f137ed6" />
	<meta content="ДЕВЯТОВ.SU" name="description">
	<meta name=viewport content="width=device-width, initial-scale=1">
				<meta name="robots" content="index, follow" />
			<meta property="og:title" content="Андрей Девятов – официальный сайт" />
		<meta property="og:description" content="ДЕВЯТОВ.SU" />
		<meta property="og:type" content="website" />
		<meta property="og:url" content="https://devyatov.su" />
		<meta property="og:image" content="https://devyatov.su/images2/logo-v1498355655.png?screen=1" />
		<meta property="og:image:alt" content="Андрей Девятов – официальный сайт" />
		<meta property="og:image:width" content="200" />
		<meta property="og:image:height" content="200" />
		<meta name="google-site-verification" content="2EYagJTWxymYRwPAuiRn-sPkzAEiE7kRfevZaMZOFHU" />
	
	<link type="image/x-icon" rel="shortcut icon" href="/images/favicon-v1498404224.ico">
	<link rel="stylesheet" href="/styles/style.css?v=21" type="text/css">
	<link rel="stylesheet" href="/styles/media.css?v=1521566483" type="text/css">
	<link rel="stylesheet" type="text/css" href="/styles/jquery.fancybox.css"/>

</head>
<body class="main">
	<div id="head">
		<div class="head">
			<div class="center">
									<ul class="unstyled sochead">
													<li class="item"><a href="/rss"><img title="RSS" src="/images/d4a9af26e9a1f0938c36ab8e5c2e16e7.png?2" /></a></li>
													<li class="item padding"><a href="http://twitter.com/share?text=Андрей Девятов – официальный сайт&amp;url=https://devyatov.su" target="_blank" onclick="window.open(this.href, this.title, 'toolbar=0, status=0, width=548, height=325'); return false"><img title="Twitter" src="/images/1d48008b629e873ed0a91308d9080820.jpg?2" /></a></li>
													<li class="item padding"><a href="http://www.facebook.com/sharer/sharer.php?s=100&p%5Btitle%5D=Андрей Девятов – официальный сайт&p%5Bsummary%5D=ДЕВЯТОВ.SU&p%5Burl%5D=https://devyatov.su&p%5Bimages%5D%5B0%5D=https://devyatov.su/images2/logo-v1498355655.png?screen=1" target="_blank" onclick="window.open(this.href, this.title, 'toolbar=0, status=0, width=548, height=325'); return false"><img title="Facebook" src="/images/17eba4a8316d1ebae000c4d1f254f8ba.jpg?2" /></a></li>
													<li class="item padding"><a href="https://www.livejournal.com/update.bml?subject=Андрей Девятов – официальный сайт&event=<a href='https://devyatov.su' target='_blank'><img src='https://devyatov.su/images/logo-v1498355655.png' alt='' /></a>" target="_blank" onclick="window.open(this.href, this.title, 'toolbar=0, status=0, width=548, height=325'); return false"><img title="LiveJournal" src="/images/81b2504ec6ca56238389d6b11df2c09c.jpg?2" /></a></li>
													<li class="item padding"><a href="http://www.odnoklassniki.ru/dk?st.cmd=addShare&amp;st.s=1&amp;st._surl=https://devyatov.su" target="_blank" onclick="window.open(this.href, this.title, 'toolbar=0, status=0, width=548, height=325'); return false"><img title="Одноклассники" src="/images/4b5a978827f0b3aaa25daff8cf244086.jpg?2" /></a></li>
													<li class="item padding"><a href="http://vk.com/share.php?url=https://devyatov.su&amp;title=Андрей Девятов – официальный сайт&amp;description= ДЕВЯТОВ.SU&amp;image=https://devyatov.su/images/logo-v1498355655.png" target="_blank" onclick="window.open(this.href, this.title, 'toolbar=0, status=0, width=548, height=325'); return false"><img title="Вконтакте" src="/images/fc3fd9934ce67173f2baaa3e64592be6.jpg?2" /></a></li>
											</ul>
								<div class="currencies">
											<div class="short_news_block">
							<ul class="short_news unstyled">
																	<li>
										Официальный сайт Андрея Петровича Девятова									</li>
																	<li>
										Редакция: тел.: +7 (495) 151 83 13 / email: <a href="/cdn-cgi/l/email-protection" class="__cf_email__" data-cfemail="6001040d090e200115120f12014e0e0514170f120b">[email&#160;protected]</a>									</li>
															</ul>
						</div>
						<script data-cfasync="false" src="/cdn-cgi/scripts/d07b1474/cloudflare-static/email-decode.min.js"></script><script type="text/javascript">
															var jcarousel_interval_short_news = 100;
																						var jcarousel_duration_short_news = 20000;
													</script>
					
											
							<ul class="currencies unstyled" style="width: auto;">
																	<li>
										<span>USD</span>57.5625 <span class="text-red">(-0.03)</span>
									</li>
																	<li>
										<span>EUR</span>70.575 <span class="text-red">(-0.01)</span>
									</li>
															</ul>
							
										
					<div class="clr"></div>
				</div>
			</div>
			
			<div class="menu mobile-only">
				<div class="center">
					<a class="logo" href="/"><img src="/images/logo-v1498355655.png"></a>
					<ul class="unstyled buttons">
						<li>
							<a href="#" id="login-mobile"><img src="/images/iconman.png"></a>
							<div class="fade login_block">
																	<a class="login" href="/login">Вход</a>
									<a class="register" href="/registration">Регистрация</a>
															</div>
						</li>
						<li>
							<a href="#" id="search-mobile"><img src="/images/iconsearch.png"></a>
							<div class="fade search">
								<form method="get" action="">
									<button type="submit" name="submit" value="search"></button>
									<input type="text" name="searchwords" placeholder="Поиск по сайту"> 
								</form>
							</div>
						</li>
													<li>
								<a href="#" id="menu-mobile"><img src="/images/bars.png"></a>
								<ul class="fade dropmenu">
																			<li class="item"><a href="/articles">Публикации</a></li>
																			<li class="item"><a href="/videos">Видео</a></li>
																			<li class="item"><a href="http://aurora.network/" style="color:#f70808">Форум «АВРОРА»</a></li>
																		<li class="clearlist"></li>
								</ul>
							</li>
											</ul>
					<div class="clr"></div>
				</div>
			</div>
			<div class="menu pc-only tablet-only">
				<div class="center">
					<a class="logo" href="/"><img src="/images/logo-v1498355655.png"></a>
					<div class="login_block">
						<p class="buttons">
															<a class="login" href="/login">Вход</a>
								<a class="register" href="/registration">Регистрация</a>
													</p>
						<form action="" method="get">
							<button type="submit" name="submit" value="search"></button>
							<input type="text" name="searchwords" autocomplete="off" placeholder="Поиск по сайту"> 
						</form>
					</div>
					<div class="clr"></div>
											<ul class="mainmenu">
															<li class="item"><a href="/articles">Публикации</a></li>
															<li class="item"><a href="/videos">Видео</a></li>
															<li class="item"><a href="http://aurora.network/" style="color:#f70808">Форум «АВРОРА»</a></li>
														<li class="clearlist"></li>
						</ul>
									</div>
			</div>
		</div> 
	</div>
	<div id="message" class="content"></div>
	<script type="text/javascript" src="https://code.jquery.com/jquery-1.8.0.min.js"></script>
	<div id="content">
		<div class="content" >
		
<div class="colls">
	<div class="coll coll-1">
				<script type="text/javascript" src="/scripts/owl.carousel.min.js"></script><link rel="stylesheet" type="text/css" href="/styles/owl.carousel.min.css" />	<div class="owl-carousel banners owl-carousel-0"><div><a  href="/banners/39"><img src="/images/banners/2a02797d47e88eac48d26882c0180199.JPG" title="Девятов (портрет)" /></a></div>	</div><br /><br /><script type="text/javascript">	$(document).ready(function(){		$(".owl-carousel-0").owlCarousel({items:1,autoplay:true,autoplayTimeout:3000,autoHeight:true,loop:true});	});</script>	<div class="container latest_videos">
		<h3>Последние видео</h3>
		<ul class="unstyled news_list">
							<li>
											<a href="/articles/251-nebopolitika/57677-a-devjatov-nebopolitika-na-marshe" class="img">
							<img src="/images/articles/1521232839_square.jpg?date=2018-03-16-23-40-39" alt="А.Девятов: Небополитика на марше " title="А.Девятов: Небополитика на марше ">
						</a>
										<div class="desc overflow">
						<p class="date">16.03.2018 23:38&nbsp;&nbsp;<b title=""><img src="https://devyatov.su/images/star2.png" />7.7 (44)&nbsp;&nbsp;</b></p>
						<h5><a href="/articles/251-nebopolitika/57677-a-devjatov-nebopolitika-na-marshe">А.Девятов: Небополитика на марше&nbsp;<a class="comments-icon" href="/forum/topic/57677-a-devjatov-nebopolitika-na-marshe"><img src="/images/comments.png" /> 7</a></a></h5>
						<!-- <div class="clr"></div>
						<p class="hits">7012&nbsp;&nbsp;&nbsp;</p> -->
						<p class="author"> <a href="/authors/11159-shkola-zdravogo-smysla"> Школа здравого смысла</a></p>
					</div>
					<div class="clr"></div>
				</li>
							<li>
											<a href="/articles/251-nebopolitika/57440-kitayskiy-vzlet-na-kryl-jakh-pojezii" class="img">
							<img src="/images/articles/1520223530_square.jpg?date=2018-03-05-07-18-50" alt="Китайский взлёт на крыльях поэзии " title="Китайский взлёт на крыльях поэзии ">
						</a>
										<div class="desc overflow">
						<p class="date">05.03.2018 07:14&nbsp;&nbsp;<b title=""><img src="https://devyatov.su/images/star2.png" />7.3 (20)&nbsp;&nbsp;</b></p>
						<h5><a href="/articles/251-nebopolitika/57440-kitayskiy-vzlet-na-kryl-jakh-pojezii">Китайский взлёт на крыльях поэзии&nbsp;<a class="comments-icon" href="/forum/topic/57440-kitayskiy-vzlet-na-kryl-jakh-pojezii"><img src="/images/comments.png" /> 9</a></a></h5>
						<!-- <div class="clr"></div>
						<p class="hits">5514&nbsp;&nbsp;&nbsp;</p> -->
						<p class="author"> <a href="/authors/11159-shkola-zdravogo-smysla"> Школа здравого смысла</a></p>
					</div>
					<div class="clr"></div>
				</li>
							<li>
											<a href="/articles/251-nebopolitika/57298-100-letie-krasnoy-armii-istorija-i-sovremennost" class="img">
							<img src="/images/articles/1519370641_square.jpg?date=2018-02-25-17-32-02" alt="100-летие Красной Армии. История и современность " title="100-летие Красной Армии. История и современность ">
						</a>
										<div class="desc overflow">
						<p class="date">23.02.2018 10:21&nbsp;&nbsp;<b title=""><img src="https://devyatov.su/images/star2.png" />7.9 (70)&nbsp;&nbsp;</b></p>
						<h5><a href="/articles/251-nebopolitika/57298-100-letie-krasnoy-armii-istorija-i-sovremennost">100-летие Красной Армии. История и современность&nbsp;<a class="comments-icon" href="/forum/topic/57298-100-letie-krasnoy-armii-istorija-i-sovremennost"><img src="/images/comments.png" /> 24</a></a></h5>
						<!-- <div class="clr"></div>
						<p class="hits">12700&nbsp;&nbsp;&nbsp;</p> -->
						<p class="author"> <a href="/authors/11159-shkola-zdravogo-smysla"> Школа здравого смысла</a></p>
					</div>
					<div class="clr"></div>
				</li>
							<li>
											<a href="/articles/251-nebopolitika/57225-zavtra-budet-za-temi-kto-smotrit-vpered-ch-3" class="img">
							<img src="/images/articles/1518947759_square.jpg?date=2018-02-18-12-55-59" alt="Завтра будет за теми, кто смотрит вперёд (ч.3) " title="Завтра будет за теми, кто смотрит вперёд (ч.3) ">
						</a>
										<div class="desc overflow">
						<p class="date">18.02.2018 09:26&nbsp;&nbsp;<b title=""><img src="https://devyatov.su/images/star2.png" />8.2 (25)&nbsp;&nbsp;</b></p>
						<h5><a href="/articles/251-nebopolitika/57225-zavtra-budet-za-temi-kto-smotrit-vpered-ch-3">Завтра будет за теми, кто смотрит вперёд (ч.3)&nbsp;<a class="comments-icon" href="/forum/topic/57225-zavtra-budet-za-temi-kto-smotrit-vpered-ch-3"><img src="/images/comments.png" /> 9</a></a></h5>
						<!-- <div class="clr"></div>
						<p class="hits">8104&nbsp;&nbsp;&nbsp;</p> -->
						<p class="author"> <a href="/authors/11159-shkola-zdravogo-smysla"> Школа здравого смысла</a></p>
					</div>
					<div class="clr"></div>
				</li>
					</ul>
		<p><a href="/videos" class="button">Все видеоматериалы</a></p>
	</div>
				<div id="yandex_ad211521566483727"  rtb" ></div>
		<script type="text/javascript">
		    (function(w, d, n, s, t) {
		        w[n] = w[n] || [];
		        w[n].push(function() {
		            Ya.Context.AdvManager.render({
		                blockId: "R-A-238845-1",
		                renderTo: "yandex_ad211521566483727",
		                async: true,
		                pageNumber: 1		            });
		        });
		        t = d.getElementsByTagName("script")[0];
		        s = d.createElement("script");
		        s.type = "text/javascript";
		        s.src = "//an.yandex.ru/system/context.js";
		        s.async = true;
		        t.parentNode.insertBefore(s, t);
		    })(this, this.document, "yandexContextAsyncCallbacks");
		</script>
			</div>
	<div class="coll coll-2">
				<div id="hypercontext">
		<index>
		<div id="tabs" class="main_tabs">
			<ul class="unstyled tabs mobile-only">
				<li class="active"><a href="#main">Новое</a></li>
				<li><a href="#important">Важное</a></li>
				<li class="clr"></li>
			</ul>
			<div class="tabs_containers">
				<div id="main" class="tab active">
											<div class="latest_article">
							<div class="top">
																	<div class="toleft">
										<a href="/articles/251-nebopolitika/57689-zelenyy-drakon-luchshiy-drug-krasnogo-drakona" class="img">
											<img src="/images/articles/1521318069_large.jpg?date=2018-03-17-23-23-21" alt="Зеленый дракон лучший друг красного дракона " title="Зеленый дракон лучший друг красного дракона ">
										</a>


										<div class="clr"></div>
										<p class="hits">11592</p>
										<p class="author"><a href="/authors/1629-devjatov-andrey"> Андрей Девятов</a></p>
									</div>
																<div class="desc">
									<div class="canvas">
										<div class="block_top">
											<p class="date">17.03.2018 23:01&nbsp;&nbsp;<b title=""><img src="https://devyatov.su/images/star2.png" />8.5 (108)&nbsp;&nbsp;</b></p>
											<h2><a href="/articles/251-nebopolitika/57689-zelenyy-drakon-luchshiy-drug-krasnogo-drakona">Зеленый дракон лучший друг красного дракона </a></h2>
											<p class="tags"><a href="/articles/251-nebopolitika">Небополитика</a>&nbsp;&nbsp;&nbsp;<a class="comments-icon" href="/forum/topic/57689-zelenyy-drakon-luchshiy-drug-krasnogo-drakona"><img src="/images/comments.png" /> 28</a></a></p>
											<div class="clr"></div>
											
											<div class="clr"></div>
										</div>
											<div class="intro">
												<a href="/articles/251-nebopolitika/57689-zelenyy-drakon-luchshiy-drug-krasnogo-drakona">О &laquo;Золотой эпохе&raquo; в британско-китайских отношениях  В Британии с давних времен существует отделение оккультного ордена &laquo;Зеленого дракона&raquo;. Основа мировоззрения этого тайного общества корнями уходит в мистицизм религиозной системы Тибета &ndash; Бон. Бон (а не тенгрианство) лежит...</a>
											</div>
									</div>
								</div>
								<div class="clr"></div>
							</div>
							<div class="bot">
								
							</div>
						</div>
										<div class="tablet-only not-mobile">
											</div>
											<div class="container latest_articles">
							<ul class="unstyled news_list list2colls grid">
																	<li class="item">
																					<div>
																																							<a href="/articles/143-pis-ma-chitateley/57718-kogda-vlasti-nechego-skazat" class="playvideo img" rel="">
																											<span></span>
														<img src="/images/articles/1521524645_large.jpg?date=2018-03-20-08-57-35" />
													</a>
																								<div class="desc">
													<p class="date">Сегодня в 08:39&nbsp;&nbsp;<b title=""><img src="https://devyatov.su/images/star2.png" />8.7 (21)&nbsp;&nbsp;</b></p>
													<p class="tags"><a href="/articles/143-pis-ma-chitateley">Письма читателей</a></p>
													<h5><a href="/articles/143-pis-ma-chitateley/57718-kogda-vlasti-nechego-skazat">Когда власти нечего сказать &nbsp;<a class="comments-icon" href="/forum/topic/57718-kogda-vlasti-nechego-skazat"><img src="/images/comments.png" /> 9</a></a></h5>
													<span class="hidden">Дорогой Андрей Петрович,</span>
																											<p class="author"><a href="/authors/6585-kostius-aleksandr"> Александр Костиус</a></p>
																										<p class="hits">2394</p>
												</div>
											</div>
																					<div>
																								<div class="desc">
													<p class="date">16.03.2018 21:47&nbsp;&nbsp;<b title=""><img src="https://devyatov.su/images/star2.png" />8 (117)&nbsp;&nbsp;</b></p>
													<p class="tags"><a href="/articles/251-nebopolitika">Небополитика</a></p>
													<h5><a href="/articles/251-nebopolitika/57676-bitkoin-i-tenevaja-jekonomika">Биткоин и теневая экономика &nbsp;<a class="comments-icon" href="/forum/topic/57676-bitkoin-i-tenevaja-jekonomika"><img src="/images/comments.png" /> 13</a></a></h5>
													<span class="hidden">Донесение закордонного резидента</span>
																											<p class="author"><a href="/authors/1629-devjatov-andrey"> Андрей Девятов</a></p>
																										<p class="hits">8470</p>
												</div>
											</div>
																					<div>
																								<div class="desc">
													<p class="date">15.03.2018 11:37&nbsp;&nbsp;<b title=""><img src="https://devyatov.su/images/star2.png" />6.7 (106)&nbsp;&nbsp;</b></p>
													<p class="tags"><a href="/articles/251-nebopolitika">Небополитика</a></p>
													<h5><a href="/articles/251-nebopolitika/57627-strategicheskaja-rasterjannost-rossii">Стратегическая растерянность России &nbsp;<a class="comments-icon" href="/forum/topic/57627-strategicheskaja-rasterjannost-rossii"><img src="/images/comments.png" /> 48</a></a></h5>
													<span class="hidden"></span>
																											<p class="author"><a href="/authors/1629-devjatov-andrey"> Андрей Девятов</a></p>
																										<p class="hits">9407</p>
												</div>
											</div>
																					<div>
																																							<a href="/articles/251-nebopolitika/57578-voyna-ob-javlena" class="playvideo img" rel="">
																											<span></span>
														<img src="/images/articles/1520941006_large.jpg?date=2018-03-13-14-38-40" />
													</a>
																								<div class="desc">
													<p class="date">13.03.2018 14:33&nbsp;&nbsp;<b title=""><img src="https://devyatov.su/images/star2.png" />8 (154)&nbsp;&nbsp;</b></p>
													<p class="tags"><a href="/articles/251-nebopolitika">Небополитика</a></p>
													<h5><a href="/articles/251-nebopolitika/57578-voyna-ob-javlena">Война объявлена &nbsp;<a class="comments-icon" href="/forum/topic/57578-voyna-ob-javlena"><img src="/images/comments.png" /> 129</a></a></h5>
													<span class="hidden">Удар по либерализму в РФ следует ожидать 14-17.03.18</span>
																											<p class="author"><a href="/authors/1629-devjatov-andrey"> Андрей Девятов</a></p>
																										<p class="hits">24333</p>
												</div>
											</div>
																					<div>
																								<div class="desc">
													<p class="date">12.03.2018 11:05&nbsp;&nbsp;<b title=""><img src="https://devyatov.su/images/star2.png" />8.1 (91)&nbsp;&nbsp;</b></p>
													<p class="tags"><a href="/articles/251-nebopolitika">Небополитика</a></p>
													<h5><a href="/articles/251-nebopolitika/57552-drakon-i-solntse">Дракон и солнце &nbsp;<a class="comments-icon" href="/forum/topic/57552-drakon-i-solntse"><img src="/images/comments.png" /> 29</a></a></h5>
													<span class="hidden">Перемены-2018 в&nbsp;Китае и России</span>
																											<p class="author"><a href="/authors/1629-devjatov-andrey"> Андрей Девятов</a></p>
																										<p class="hits">9828</p>
												</div>
											</div>
																					<div class="video_item">
																								<div class="desc">
													<p class="date">05.03.2018 07:14&nbsp;&nbsp;<b title=""><img src="https://devyatov.su/images/star2.png" />7.3 (20)&nbsp;&nbsp;</b></p>
													<p class="tags"><a href="/articles/251-nebopolitika">Небополитика</a></p>
													<h5><a href="/articles/251-nebopolitika/57440-kitayskiy-vzlet-na-kryl-jakh-pojezii"><img src="/images/play.png" />Китайский взлёт на крыльях поэзии &nbsp;<a class="comments-icon" href="/forum/topic/57440-kitayskiy-vzlet-na-kryl-jakh-pojezii"><img src="/images/comments.png" /> 9</a></a></h5>
													<span class="hidden"></span>
																											<p class="author"><a href="/authors/11159-shkola-zdravogo-smysla"> Школа здравого смысла</a></p>
																										<p class="hits">5514</p>
												</div>
											</div>
																					<div>
																																							<a href="/articles/251-nebopolitika/57354-lukavyy-vybor-na-perelome-sud-by" class="playvideo img" rel="">
																											<span></span>
														<img src="/images/articles/1519731139_large.jpg?date=2018-02-27-14-33-44" />
													</a>
																								<div class="desc">
													<p class="date">27.02.2018 14:27&nbsp;&nbsp;<b title=""><img src="https://devyatov.su/images/star2.png" />8.2 (96)&nbsp;&nbsp;</b></p>
													<p class="tags"><a href="/articles/251-nebopolitika">Небополитика</a></p>
													<h5><a href="/articles/251-nebopolitika/57354-lukavyy-vybor-na-perelome-sud-by">Лукавый выбор на переломе судьбы &nbsp;<a class="comments-icon" href="/forum/topic/57354-lukavyy-vybor-na-perelome-sud-by"><img src="/images/comments.png" /> 84</a></a></h5>
													<span class="hidden">Война или банкротство</span>
																											<p class="author"><a href="/authors/1629-devjatov-andrey"> Андрей Девятов</a></p>
																										<p class="hits">13667</p>
												</div>
											</div>
																					<div>
																								<div class="desc">
													<p class="date">25.02.2018 11:42&nbsp;&nbsp;<b title=""><img src="https://devyatov.su/images/star2.png" />8.1 (179)&nbsp;&nbsp;</b></p>
													<p class="tags"><a href="/articles/251-nebopolitika">Небополитика</a></p>
													<h5><a href="/articles/251-nebopolitika/57319-svershilos">Свершилось! &nbsp;<a class="comments-icon" href="/forum/topic/57319-svershilos"><img src="/images/comments.png" /> 64</a></a></h5>
													<span class="hidden">Финал Олимпиады 2018:</span>
																											<p class="author"><a href="/authors/1629-devjatov-andrey"> Андрей Девятов</a></p>
																										<p class="hits">20581</p>
												</div>
											</div>
																					<div>
																								<div class="desc">
													<p class="date">19.02.2018 11:50&nbsp;&nbsp;<b title=""><img src="https://devyatov.su/images/star2.png" />8.4 (75)&nbsp;&nbsp;</b></p>
													<p class="tags"><a href="/articles/251-nebopolitika">Небополитика</a></p>
													<h5><a href="/articles/251-nebopolitika/57243-kriptovaljuty-kak-taynaja-operatsija-spetssluzhb">Криптовалюты как тайная операция спецслужб &nbsp;<a class="comments-icon" href="/forum/topic/57243-kriptovaljuty-kak-taynaja-operatsija-spetssluzhb"><img src="/images/comments.png" /> 18</a></a></h5>
													<span class="hidden">  Донесение закордонного резидента</span>
																											<p class="author"><a href="/authors/1629-devjatov-andrey"> Андрей Девятов</a></p>
																										<p class="hits">17624</p>
												</div>
											</div>
																			</li>
																	<li class="item">
																					<div class="video_item">
																																							<a href="/articles/251-nebopolitika/57677-a-devjatov-nebopolitika-na-marshe" class="playvideo img" data-video="Rqo9xT15xCQ" rel="">
																											<span></span>
														<img src="/tmp/video_image/1521232839_xl.jpg?date=2018-03-16-23-40-39" />
													</a>
																								<div class="desc">
													<p class="date">16.03.2018 23:38&nbsp;&nbsp;<b title=""><img src="https://devyatov.su/images/star2.png" />7.7 (44)&nbsp;&nbsp;</b></p>
													<p class="tags"><a href="/articles/251-nebopolitika">Небополитика</a></p>
													<h5><a href="/articles/251-nebopolitika/57677-a-devjatov-nebopolitika-na-marshe"><img src="/images/play.png" />А.Девятов: Небополитика на марше &nbsp;<a class="comments-icon" href="/forum/topic/57677-a-devjatov-nebopolitika-na-marshe"><img src="/images/comments.png" /> 7</a></a></h5>
													<span class="hidden"></span>
																											<p class="author"><a href="/authors/11159-shkola-zdravogo-smysla"> Школа здравого смысла</a></p>
																										<p class="hits">7012</p>
												</div>
											</div>
																					<div>
																								<div class="desc">
													<p class="date">16.03.2018 11:06&nbsp;&nbsp;<b title=""><img src="https://devyatov.su/images/star2.png" />8.7 (168)&nbsp;&nbsp;</b></p>
													<p class="tags"><a href="/articles/251-nebopolitika">Небополитика</a></p>
													<h5><a href="/articles/251-nebopolitika/57660-chto-proiskhodit-i-chto-delat-konkretno">Что происходит и что делать конкретно &nbsp;<a class="comments-icon" href="/forum/topic/57660-chto-proiskhodit-i-chto-delat-konkretno"><img src="/images/comments.png" /> 175</a></a></h5>
													<span class="hidden">По состоянию на 16.03.18</span>
																											<p class="author"><a href="/authors/1629-devjatov-andrey"> Андрей Девятов</a></p>
																										<p class="hits">20419</p>
												</div>
											</div>
																					<div>
																								<div class="desc">
													<p class="date">14.03.2018 13:35&nbsp;&nbsp;<b title=""><img src="https://devyatov.su/images/star2.png" />7.4 (122)&nbsp;&nbsp;</b></p>
													<p class="tags"><a href="/articles/251-nebopolitika">Небополитика</a></p>
													<h5><a href="/articles/251-nebopolitika/57602-zamysel-operatsii-vozmezdija">Замысел операции возмездия &nbsp;<a class="comments-icon" href="/forum/topic/57602-zamysel-operatsii-vozmezdija"><img src="/images/comments.png" /> 107</a></a></h5>
													<span class="hidden">О зачистке коррумпированных элит</span>
																											<p class="author"><a href="/authors/1629-devjatov-andrey"> Андрей Девятов</a></p>
																										<p class="hits">12948</p>
												</div>
											</div>
																					<div>
																																							<a href="/articles/160-global-naja-samoorganizatsija/57577-organizatsionnyy-resurs-neizbezhno-stanet-glavnym-faktorom-mezhdunarodnoy-konkurentsii" class="playvideo img" rel="">
																											<span></span>
														<img src="/images/articles/1520938128_large.jpg?date=2018-03-13-14-01-20" />
													</a>
																								<div class="desc">
													<p class="date">13.03.2018 13:31&nbsp;&nbsp;<b title=""><img src="https://devyatov.su/images/star2.png" />4.5 (13)&nbsp;&nbsp;</b></p>
													<p class="tags"><a href="/articles/160-global-naja-samoorganizatsija">Глобальная самоорганизация</a></p>
													<h5><a href="/articles/160-global-naja-samoorganizatsija/57577-organizatsionnyy-resurs-neizbezhno-stanet-glavnym-faktorom-mezhdunarodnoy-konkurentsii">Организационный ресурс неизбежно станет главным фактором международной конкуренции &nbsp;<a class="comments-icon" href="/forum/topic/57577-organizatsionnyy-resurs-neizbezhno-stanet-glavnym-faktorom-mezhdunarodnoy-konkurentsii"><img src="/images/comments.png" /> 11</a></a></h5>
													<span class="hidden">Политическая незрелость &ndash; народная наивность или системный эффект? Обоснование феномена двойственности организационной природы. Состояние организационного баланса как возможность взаимного &laquo;перетекания&raquo; различных форм порядка. Пассивная ментальность &ndash; не злой рок, а новое окно возможностей системного роста.</span>
																											<p class="author"><a href="/authors/4492-elizarov-mikhail"> Михаил Елизаров</a></p>
																										<p class="hits">2973</p>
												</div>
											</div>
																					<div>
																								<div class="desc">
													<p class="date">11.03.2018 14:37&nbsp;&nbsp;<b title=""><img src="https://devyatov.su/images/star2.png" />5.7 (7)&nbsp;&nbsp;</b></p>
													<p class="tags"><a href="/articles/143-pis-ma-chitateley">Письма читателей</a></p>
													<h5><a href="/articles/143-pis-ma-chitateley/57540-v-podderzhku-usad-by-serednikovo">В поддержку усадьбы Середниково &nbsp;<a class="comments-icon" href="/forum/topic/57540-v-podderzhku-usad-by-serednikovo"><img src="/images/comments.png" /> 5</a></a></h5>
													<span class="hidden">Россия, ты благословенна</span>
																											<p class="author"><a href="/authors/14638-svetlana-daurskaja"> Светлана Даурская</a></p>
																										<p class="hits">1279</p>
												</div>
											</div>
																					<div>
																								<div class="desc">
													<p class="date">03.03.2018 14:29&nbsp;&nbsp;<b title=""><img src="https://devyatov.su/images/star2.png" />6.4 (105)&nbsp;&nbsp;</b></p>
													<p class="tags"><a href="/articles/251-nebopolitika">Небополитика</a></p>
													<h5><a href="/articles/251-nebopolitika/57433-pod-em-perevorotom">Подъем переворотом &nbsp;<a class="comments-icon" href="/forum/topic/57433-pod-em-perevorotom"><img src="/images/comments.png" /> 80</a></a></h5>
													<span class="hidden">&nbsp;</span>
																											<p class="author"><a href="/authors/1629-devjatov-andrey"> Андрей Девятов</a></p>
																										<p class="hits">36439</p>
												</div>
											</div>
																					<div>
																																							<a href="/articles/251-nebopolitika/57339-gibel-titanov" class="playvideo img" rel="">
																											<span></span>
														<img src="/images/articles/1519664274_large.jpg?date=2018-02-26-20-17-37" />
													</a>
																								<div class="desc">
													<p class="date">26.02.2018 19:49&nbsp;&nbsp;<b title=""><img src="https://devyatov.su/images/star2.png" />5.8 (36)&nbsp;&nbsp;</b></p>
													<p class="tags"><a href="/articles/251-nebopolitika">Небополитика</a></p>
													<h5><a href="/articles/251-nebopolitika/57339-gibel-titanov">Гибель титанов &nbsp;<a class="comments-icon" href="/forum/topic/57339-gibel-titanov"><img src="/images/comments.png" /> 4</a></a></h5>
													<span class="hidden">&nbsp;</span>
																											<p class="author"><a href="/authors/14487-davidenko-igor"> Давиденко Игорь</a></p>
																										<p class="hits">3230</p>
												</div>
											</div>
																					<div class="video_item">
																								<div class="desc">
													<p class="date">23.02.2018 10:21&nbsp;&nbsp;<b title=""><img src="https://devyatov.su/images/star2.png" />7.9 (70)&nbsp;&nbsp;</b></p>
													<p class="tags"><a href="/articles/251-nebopolitika">Небополитика</a></p>
													<h5><a href="/articles/251-nebopolitika/57298-100-letie-krasnoy-armii-istorija-i-sovremennost"><img src="/images/play.png" />100-летие Красной Армии. История и современность &nbsp;<a class="comments-icon" href="/forum/topic/57298-100-letie-krasnoy-armii-istorija-i-sovremennost"><img src="/images/comments.png" /> 24</a></a></h5>
													<span class="hidden"></span>
																											<p class="author"><a href="/authors/11159-shkola-zdravogo-smysla"> Школа здравого смысла</a></p>
																										<p class="hits">12700</p>
												</div>
											</div>
																					<div class="video_item">
																								<div class="desc">
													<p class="date">18.02.2018 09:26&nbsp;&nbsp;<b title=""><img src="https://devyatov.su/images/star2.png" />8.2 (25)&nbsp;&nbsp;</b></p>
													<p class="tags"><a href="/articles/251-nebopolitika">Небополитика</a></p>
													<h5><a href="/articles/251-nebopolitika/57225-zavtra-budet-za-temi-kto-smotrit-vpered-ch-3"><img src="/images/play.png" />Завтра будет за теми, кто смотрит вперёд (ч.3) &nbsp;<a class="comments-icon" href="/forum/topic/57225-zavtra-budet-za-temi-kto-smotrit-vpered-ch-3"><img src="/images/comments.png" /> 9</a></a></h5>
													<span class="hidden">Часть 2</span>
																											<p class="author"><a href="/authors/11159-shkola-zdravogo-smysla"> Школа здравого смысла</a></p>
																										<p class="hits">8104</p>
												</div>
											</div>
																			</li>
															</ul>
							<div class="clr"></div>
															<div class="pagination"><ul><li class="pagination-prev"><span>назад</span></li><li><span>1</span></li><li><a href="?start=18&">2</a></li><li><a href="?start=36&">3</a></li><li><a href="?start=54&">4</a></li><li><a href="?start=72&">5</a></li><li><a href="?start=90&">6</a></li><li><a href="?start=108&">7</a></li><li><a href="?start=126&">8</a></li><li><a href="?start=144&">9</a></li><li><a href="?start=162&">10</a></li><li class="pagination-next"><a href="?start=18&">></a></li></ul></div>													</div>
									</div>
			</div>
		</div>
		</index>
		</div>
					<!-- Яндекс.Директ -->
		<div id="yandex_ad221521566483146" class="container"  style="height: 140px" ></div>
		<script type="text/javascript">
		(function(w, d, n, s, t) {
			w[n] = w[n] || [];
			w[n].push(function() 
			{
				
				Ya.Direct.insertInto(238845, "yandex_ad221521566483146", {
					ad_format: "direct",
										type: 'adaptive',
										//border_type: "ad",
					limit: 1,
					//title_font_size: 3,
					links_underline: true,
					site_bg_color: "FFFFFF",
					bg_color: "FFFFFF",
					title_color: "26A699",
					url_color: "26A699",
					text_color: "212121",
					hover_color: "26A699",
					sitelinks_color: "78909C",
					//favicon: true,
					no_sitelinks: false
				});
			});
			t = d.getElementsByTagName("script")[0];
			s = d.createElement("script");
			s.src = "//an.yandex.ru/system/context.js";
			s.type = "text/javascript";
			s.async = true;
			t.parentNode.insertBefore(s, t);
						})(this, this.document, "yandexContextAsyncCallbacks");
					</script>
			</div>
	<div class="coll coll-3 only-fullscreen">
				<script type="text/javascript" src="/scripts/owl.carousel.min.js"></script><link rel="stylesheet" type="text/css" href="/styles/owl.carousel.min.css" />	<div class="owl-carousel banners owl-carousel-0"><div><a  target="_blank" href="/banners/52"><img src="/images/banners/5036595b6df029aff7db6fd2abea45f3.JPG" title="Желтая собака" /></a></div>	</div><br /><br /><script type="text/javascript">	$(document).ready(function(){		$(".owl-carousel-0").owlCarousel({items:1,autoplay:true,autoplayTimeout:3000,autoHeight:true,loop:true});	});</script>	<div class="top_article pc-only tablet-only relative">
		<a href="/articles/251-nebopolitika/57578-voyna-ob-javlena" class="cover"></a>
		<a href="/articles/251-nebopolitika/57578-voyna-ob-javlena" class="img">
			<img src="/images2/articles/1520941006_large.jpg?date=2018-03-13-14-38-40" alt="Война объявлена " title="Война объявлена ">
		</a>
		<div class="desc">
			<!--<p class="tags">
				<a href="/articles/251-nebopolitika">Небополитика</a>
			</p>-->
			<h2>
				<a href="/articles/251-nebopolitika/57578-voyna-ob-javlena">Война объявлена </a>
			</h2>
			<p class="author"> Андрей Девятов</p>
			<p class="hits">24328</p>
		</div>
	</div>
				<div id="yandex_ad231521566483812" class="yandex-adaptive yandex-adaptiver rtb" ></div>
		<script type="text/javascript">
		    (function(w, d, n, s, t) {
		        w[n] = w[n] || [];
		        w[n].push(function() {
		            Ya.Context.AdvManager.render({
		                blockId: "R-A-238845-1",
		                renderTo: "yandex_ad231521566483812",
		                async: true,
		                pageNumber: 3		            });
		        });
		        t = d.getElementsByTagName("script")[0];
		        s = d.createElement("script");
		        s.type = "text/javascript";
		        s.src = "//an.yandex.ru/system/context.js";
		        s.async = true;
		        t.parentNode.insertBefore(s, t);
		    })(this, this.document, "yandexContextAsyncCallbacks");
		</script>
			</div>
	<div class="clr"></div>
</div>

		</div>
	</div>
	<div id="footer">
		<div class="footer">
			<div class="block">
				<a class="logo" href="/"><img src="/images/logo_footer-devyatov.su-v1518855833.jpg"></a>
				<a class="tel" href="tel:"></a>
				<p>Сеть информационно-аналитических сайтов  AURORA.NETWORK</p>
				<p>Редакция: <a href="/cdn-cgi/l/email-protection" class="__cf_email__" data-cfemail="2041444d494e604155524f52410e4e4554574f524b">[email&#160;protected]</a> / +7 (495) 151 83 13<br />
<br />
(!) На данном сайте используются cookie для сбора информации технического характера. В частности, для персонифицированной работы сайта мы обрабатываем IP-адрес региона вашего местоположения</p>
			</div>
							<div class="block">
					<h4>Навигация</h4>
					<ul class="unstyled">
						<li><a href="/">Главная</a></li>
													<li><a href="/articles">Публикации</a></li>
													<li><a href="/videos">Видео</a></li>
													<li><a href="http://aurora.network/">Форум «АВРОРА»</a></li>
											</ul>
				</div>
										<div class="block pc-only not-mobile">
					<h4>Материалы</h4>
					<ul class="unstyled">
													<li><a href="/articles">Все публикации</a></li>
													<li><a href="/important">Самое важное</a></li>
													<li><a href="/popular">Самое читаемое</a></li>
													<li><a href="/videos">Все видеозаписи</a></li>
													<li><a href="/authors">Авторы публикаций</a></li>
													<li><a href="/news">Новости и события</a></li>
											</ul>
				</div>
									<div class="clr"></div>
			<div class="counters">
				<!--LiveInternet counter--><script data-cfasync="false" src="/cdn-cgi/scripts/d07b1474/cloudflare-static/email-decode.min.js"></script><script type="text/javascript"><!--
				document.write("<a href='//www.liveinternet.ru/click' "+
				"target=_blank><img src='//counter.yadro.ru/hit?t45.10;r"+
				escape(document.referrer)+((typeof(screen)=="undefined")?"":
				";s"+screen.width+"*"+screen.height+"*"+(screen.colorDepth?
				screen.colorDepth:screen.pixelDepth))+";u"+escape(document.URL)+
				";"+Math.random()+
				"' alt='' title='LiveInternet' "+
				"border='0' width='31' height='31'><\/a>")
				//--></script><!--/LiveInternet-->
			</div>
		</div>
	</div>
	<div id="overlay" class="overlay"></div>
	<div id="scrollup"><a href="#head" class="scroll"><img alt="Прокрутить вверх" src="/images/up.png"></div></a>

	<script type="text/javascript">
		var baseurl = '/';
		var rid = 0;
		var keywords = '';
		var tag = '';
		var author = 0;
		var important = null;
		var order = null;
		var type = null;
		var user_id = 0;
		var is_news = null;
		var auth = false;
		var date_start = null;
		var auth_user = 0;
		var user_group_id = 0;

		document.points = "Индекс поддержки";
		document.count_comments = "Количество комментариев за последние 7 дней";
		document.count_answers = "Получено ответов за последние 7 дней";
		document.likes = "Количество голосов поддержки";
		document.dislikes = "Количество несогласных";
		document.nothings = "Мнения о бессодержательности комментария";
		document.persent_likes = "Уровень общественной поддержки";
		document.mind_persent = "«Сила мысли» (среднее количество голосов поддержки в одном комментарии)";

																													</script>
	<script async src="//platform.twitter.com/widgets.js" charset="utf-8"></script>
	<script type="text/javascript" src="/scripts/jquery.jcarousel.min.js"></script>
	<script type="text/javascript" src="/scripts/jquery.dotdotdot.min.js"></script>
	<script type="text/javascript" src="/scripts/script.js?v=1521566483"></script>
	<script type="text/javascript" src="/scripts/script.pc2.js?v=2016-11-19"></script>
	<script type="text/javascript" src="/scripts/articles-scroll.js?v=1521566483"></script>
	
	<script type="text/javascript" src="/scripts/jquery.fancybox.pack.js"></script>

	<!--[if IE 7]><script type="text/javascript">document.location.href="/var/www/khazin.ru/error"</script><![endif]-->
	<!--[if IE 8]><link rel="stylesheet" type="text/css" href="/styles/osel.css"><![endif]-->

	<!-- Yandex.Metrika counter -->
<script type='text/javascript'>
    (function (d, w, c) {
        (w[c] = w[c] || []).push(function() {
            try {
                w.yaCounter45112557 = new Ya.Metrika({
                    id:45112557,
                    clickmap:true,
                    trackLinks:true,
                    accurateTrackBounce:true,
                    webvisor:true
                });
            } catch(e) { }
        });

        var n = d.getElementsByTagName('script')[0],
            s = d.createElement('script'),
            f = function () { n.parentNode.insertBefore(s, n); };
        s.type = 'text/javascript';
        s.async = true;
        s.src = 'https://mc.yandex.ru/metrika/watch.js';

        if (w.opera == '[object Opera]') {
            d.addEventListener('DOMContentLoaded', f, false);
        } else { f(); }
    })(document, window, 'yandex_metrika_callbacks');
</script>
<noscript><div><img src='https://mc.yandex.ru/watch/45112557' style='position:absolute; left:-9999px;' alt='' /></div></noscript>
<!-- /Yandex.Metrika counter --><style type="text/css">
																		body button
		{
			background: Notice: Undefined index: button_color in /var/www/khazin.ru/manage/templates/settings_body.tpl on line 222;
		}
				body button:hover,
		.gbutton:hover, 
		button.gbutton:hover
		{
			background: Notice: Undefined index: button_color_active in /var/www/khazin.ru/manage/templates/settings_body.tpl on line 234;
		}
				.text a,
		.comments-icon,
		div.head .login_block a,
		.tags a,
		body .button,
		p.links a, 
		.wysibb-text a
		{
			color: Notice: Undefined index: link_color in /var/www/khazin.ru/manage/templates/settings_body.tpl on line 240;
		}
				.gbutton, 
		button.gbutton,
		.article_bot .right .featured_btn
		{
			background-color: Notice: Undefined index: gbutton_color in /var/www/khazin.ru/manage/templates/settings_body.tpl on line 228;
		}
				ul.simple_list li a:hover,
		ul.simple_list li.active a,
		h5 a:hover
		{
			color: Notice: Undefined index: title_color_active in /var/www/khazin.ru/manage/templates/settings_body.tpl on line 246;
		}
				div.head .mainmenu > li.active a::before
		{
			border-color: Notice: Undefined index: menu_item_active in /var/www/khazin.ru/manage/templates/settings_body.tpl on line 252;
		}
	</style>
	
</body>