<!DOCTYPE html>
<html>
<head>
<title>Игры на Двоих онлайн </title>
<meta http-equiv="Content-Type" content="text/html; charset=utf-8" />
<meta name="description" content="На сайте собраны только онлайн игры на двоих, которые разбиты по категориям. Теперь вы с друзьями можете замечательно провести время за одним компьютером" />
<meta name="keywords" content="игры на двоих онлайн бесплатно на одном компьютере" />
<link rel="icon" href="/favicon.ico" type="image/x-icon" />
<meta name="viewport" content="width=device-width, initial-scale=1">
<link rel="stylesheet" href="/usr/bootstrap/css/bootstrap.min.css" />
<link type="text/css" rel="stylesheet" href="/usr/css/style.css" />
<link rel="stylesheet" href="https://maxcdn.bootstrapcdn.com/font-awesome/4.5.0/css/font-awesome.min.css">
<script type="text/javascript" src="http://vk.com/js/api/share.js?91" charset="windows-1251"></script>
<script type="text/javascript" src="//vk.com/js/api/openapi.js?116"></script>
<script type="text/javascript">
	function removeAdSwf() {
		document.getElementById("preloader").style.visibility = "hidden";
	}
	function noAdsReturned() {
		document.getElementById("preloader").style.visibility = "hidden";
	}
  </script>
<script type="text/javascript">
  VK.init({apiId: 3969046, onlyWidgets: true});
</script>
</head>
<body>
<div class="wrap_out">
<div class="wrap">
<div class="sidebar">
<div class="sidebar_inner">
<h3 class="interes">Лучшие на сайте</h3>
<div class="n_block">
<div class="line ">
<a href="/arkadi/jump-King-2.html"><img alt="" src="/uploads/articles/jump-King-2.jpg" /></a>
<div class="right">
<a href="/arkadi/jump-King-2.html">Короли прыжков 2</a>
<p class="likeSidebar playSide">сыграно: 155179</p>
<p class="likeSidebar"><span class="glyphicon glyphicon-heart"></span> 2110</p>
<div class="clr"></div>
</div>
</div>
<div class="line odd">
<a href="/zombi/plechom-k-plechu.html"><img alt="" src="/uploads/articles/plechom-k-plechu.jpg" /></a>
<div class="right">
<a href="/zombi/plechom-k-plechu.html">Плечом к плечу</a>
<p class="likeSidebar playSide">сыграно: 350520</p>
<p class="likeSidebar"><span class="glyphicon glyphicon-heart"></span> 4652</p>
<div class="clr"></div>
</div>
</div>
<div class="line ">
<a href="/fighting/devochki-voini.html"><img alt="" src="/uploads/articles/devochki-voini.jpg" /></a>
<div class="right">
<a href="/fighting/devochki-voini.html">Девочки воины</a>
<p class="likeSidebar playSide">сыграно: 315163</p>
<p class="likeSidebar"><span class="glyphicon glyphicon-heart"></span> 3928</p>
<div class="clr"></div>
</div>
</div>
<div class="line odd">
<a href="/futball/legenda-futbola.html"><img alt="" src="/uploads/articles/legenda-futbola.jpg" /></a>
<div class="right">
<a href="/futball/legenda-futbola.html">Легенда футбола</a>
<p class="likeSidebar playSide">сыграно: 1420752</p>
<p class="likeSidebar"><span class="glyphicon glyphicon-heart"></span> 16606</p>
<div class="clr"></div>
</div>
</div>
</div>
<ul class="left_menu">
<li class="cur homeM"><a href="/"><span>Главная</span></a></li>
<li><a href="/for-boys.html"><span>Для мальчиков</span></a></li>
<li><a href="/for-girls.html"><span>Для девочек</span></a></li>
<li><a href="/shooting.html"><span>Стрелялки</span></a></li>
<li><a href="/adventure.html"><span>Бродилки</span></a></li>
<li><a href="/bombery.html"><span>Бомберы</span></a></li>
<li><a href="/fighting.html"><span>Драки</span></a></li>
<li><a href="/race.html"><span>Гонки</span></a></li>
<li><a href="/letalki.html"><span>Леталки</span></a></li>
<li><a href="/zombi.html"><span>Зомби</span></a></li>
<li><a href="/mario.html"><span>Марио</span></a></li>
<li><a href="/futball.html"><span>Футбол</span></a></li>
<li><a href="/tanchiki.html"><span>Танчики</span></a></li>
<li><a href="/na-troih.html"><span>На троих</span></a></li>
<li><a href="/winx-igri.html"><span>Винкс</span></a></li>
<li><a href="/naruto.html"><span>Наруто</span></a></li>
<li><a href="/tom-i-djerry.html"><span>Том и Джерри</span></a></li>
<li><a href="/ogon-i-voda.html"><span>Огонь и Вода</span></a></li>
<li><a href="/arkadi.html"><span>Аркады</span></a></li>
<li><a class="last" href="/igri-pou.html"><span>Поу</span></a></li>
</ul>
<h3 class="newgame">Новые на сайте</h3>
<div class="n_block">
<div class="line ">
<a href="/fighting/blitch.html"><img alt="" src="/uploads/articles/19_.jpg" width="80" height="64" /></a>
<div class="right">
<a href="/fighting/blitch.html">Блитч</a>
<p>Если вам нравятся непростые файтеры, где нужно вы...</p>
<div class="clr"></div>
</div>
</div>
<div class="line odd">
<a href="/fighting/duel-robotov.html"><img alt="" src="/uploads/articles/ роботов.jpg" width="80" height="64" /></a>
<div class="right">
<a href="/fighting/duel-robotov.html">Дуэль роботов</a>
<p>Сражения огромных роботов один на один на песке а...</p>
<div class="clr"></div>
</div>
</div>
<div class="line ">
<a href="/na-troih/rybka-est-rybku.html"><img alt="" src="/uploads/articles/ ест рыбку.jpg" width="80" height="64" /></a>
<div class="right">
<a href="/na-troih/rybka-est-rybku.html">Рыбка ест рыбку</a>
<p>Этот мир очень опасен, но в нем нужно научиться н...</p>
<div class="clr"></div>
</div>
</div>
<div class="line odd">
<a href="/shooting/nitrom-must-die.html"><img alt="" src="/uploads/articles/104_.jpg" width="80" height="64" /></a>
<div class="right">
<a href="/shooting/nitrom-must-die.html">Нитром must die</a>
<p>Вас с другом ждет операция по устранению злодея, ...</p>
<div class="clr"></div>
</div>
</div>
</div>
</div>
</div>
<div class="right_content">
<div class="header">
<a href="/" title="Перейти на главную страницу" class="logo_lnk"> </a>
</div>
<div class="main main1">
<div class="title"><h1>Игры на двоих</h1></div>
<div class="box main_box">
<p>
Дорогой друг, ты попал на сайт, где можешь хорошо провести время. Все игры, которые здесь есть, представлены на двоих. Хочешь стрелять по зомби? Стреляй и уничтожай их с одного выстрела. Если ты хочешь погонять на крутых тачках, тогда гоняй в разделе гонок. Также есть игры для девочек и для мальчиков. Вас не двое, а трое, тогда заходите в раздел на троих и выбирайте интересную флешку, в которую можно играть втроем и даже вчетвером. Games-two.su - это твой мир развлечений!
</p>
</div>
<div class="clr"></div>
<div class="title main-title1 pop-title"><h2><a href="/best.html">Лучшие онлайн игры <i class="fa fa-chevron-circle-right"></i></a></h2></div>
<div class="art_card art_card_best ">
<h5>
<a href="/arkadi/jump-King-2.html">Короли прыжков 2</a>
</h5>
<div class="crop-img crop-img1">
<a href="/arkadi/jump-King-2.html">
<img alt="Короли прыжков 2" title="Короли прыжков 2" width="192" src="/uploads/articles/jump-King-2.jpg" />
</a>
</div>
<div class="det">
<a class="details details_btn_play" href="/arkadi/jump-King-2.html">ИГРАТЬ</a>
<span class="likes"><i class="fa fa-heart like_main_games"></i> 2110</span>
</div>
</div>
<div class="art_card art_card_best ">
<h5>
<a href="/zombi/plechom-k-plechu.html">Плечом к плечу</a>
</h5>
<div class="crop-img crop-img1">
<a href="/zombi/plechom-k-plechu.html">
<img alt="Плечом к плечу" title="Плечом к плечу" width="192" src="/uploads/articles/plechom-k-plechu.jpg" />
</a>
</div>
<div class="det">
<a class="details details_btn_play" href="/zombi/plechom-k-plechu.html">ИГРАТЬ</a>
<span class="likes"><i class="fa fa-heart like_main_games"></i> 4652</span>
</div>
</div>
<div class="art_card art_card_best last">
<h5>
<a href="/fighting/devochki-voini.html">Девочки воины</a>
</h5>
<div class="crop-img crop-img1">
<a href="/fighting/devochki-voini.html">
<img alt="Девочки воины" title="Девочки воины" width="192" src="/uploads/articles/devochki-voini.jpg" />
</a>
</div>
<div class="det">
<a class="details details_btn_play" href="/fighting/devochki-voini.html">ИГРАТЬ</a>
<span class="likes"><i class="fa fa-heart like_main_games"></i> 3928</span>
</div>
</div>
<div class="art_card art_card_best ">
<h5>
<a href="/futball/legenda-futbola.html">Легенда футбола</a>
</h5>
<div class="crop-img crop-img1">
<a href="/futball/legenda-futbola.html">
<img alt="Легенда футбола" title="Легенда футбола" width="192" src="/uploads/articles/legenda-futbola.jpg" />
</a>
</div>
<div class="det">
<a class="details details_btn_play" href="/futball/legenda-futbola.html">ИГРАТЬ</a>
<span class="likes"><i class="fa fa-heart like_main_games"></i> 16606</span>
</div>
</div>
<div class="art_card art_card_best ">
<h5>
<a href="/adventure/usy-mira.html">Усы мира</a>
</h5>
<div class="crop-img crop-img1">
<a href="/adventure/usy-mira.html">
<img alt="Усы мира" title="Усы мира" width="192" src="/uploads/articles/usy-mira.jpg" />
</a>
</div>
<div class="det">
<a class="details details_btn_play" href="/adventure/usy-mira.html">ИГРАТЬ</a>
<span class="likes"><i class="fa fa-heart like_main_games"></i> 1902</span>
</div>
</div>
<div class="art_card art_card_best last">
<h5>
<a href="/for-girls/dzho-i-momo.html">Джо и Момо</a>
</h5>
<div class="crop-img crop-img1">
<a href="/for-girls/dzho-i-momo.html">
<img alt="Джо и Момо" title="Джо и Момо" width="192" src="/uploads/articles/dzho-i-momo.jpg" />
</a>
</div>
<div class="det">
<a class="details details_btn_play" href="/for-girls/dzho-i-momo.html">ИГРАТЬ</a>
<span class="likes"><i class="fa fa-heart like_main_games"></i> 2344</span>
</div>
</div>
<div class="art_card art_card_best ">
<h5>
<a href="/fighting/udar-mechom.html">Рыцари на двоих</a>
</h5>
<div class="crop-img crop-img1">
<a href="/fighting/udar-mechom.html">
<img alt="Рыцари на двоих" title="Рыцари на двоих" width="192" src="/uploads/articles/udar-mechom.jpg" />
</a>
</div>
<div class="det">
<a class="details details_btn_play" href="/fighting/udar-mechom.html">ИГРАТЬ</a>
<span class="likes"><i class="fa fa-heart like_main_games"></i> 9820</span>
</div>
</div>
<div class="art_card art_card_best ">
<h5>
<a href="/for-boys/tictactoe.html">Крестики Нолики</a>
</h5>
<div class="crop-img crop-img1">
<a href="/for-boys/tictactoe.html">
<img alt="Крестики Нолики" title="Крестики Нолики" width="192" src="/uploads/articles/969_gubka-magicheskie-frukty.jpg" />
</a>
</div>
<div class="det">
<a class="details details_btn_play" href="/for-boys/tictactoe.html">ИГРАТЬ</a>
<span class="likes"><i class="fa fa-heart like_main_games"></i> 4618</span>
</div>
</div>
<div class="art_card art_card_best last">
<h5>
<a href="/for-girls/modnaja-parochka.html">Модная парочка</a>
</h5>
<div class="crop-img crop-img1">
<a href="/for-girls/modnaja-parochka.html">
<img alt="Модная парочка" title="Модная парочка" width="192" src="/uploads/articles/modnaja-parochka.jpg" />
</a>
</div>
<div class="det">
<a class="details details_btn_play" href="/for-girls/modnaja-parochka.html">ИГРАТЬ</a>
<span class="likes"><i class="fa fa-heart like_main_games"></i> 1007</span>
</div>
</div>
<div class="s10"></div>
<div class="title glav-title main-title"><h2><a href="/new.html">Новые онлайн игры <i class="fa fa-chevron-circle-right"></i></a></h2></div>
<div class="art_card art_card_new ">
<h5>
<a href="/fighting/blitch.html">Блитч</a>
</h5>
<div class="crop-img crop-img1">
<a href="/fighting/blitch.html">
<img alt="Блитч" title="Блитч" width="192" src="/uploads/articles/19_.jpg" />
</a>
</div>
<div class="det">
<a class="details details_btn_play" href="/fighting/blitch.html">ИГРАТЬ</a>
<span class="likes"><i class="fa fa-eye"></i> 3422</span>
</div>
</div>
<div class="art_card art_card_new ">
<h5>
<a href="/fighting/duel-robotov.html">Дуэль роботов</a>
</h5>
<div class="crop-img crop-img1">
<a href="/fighting/duel-robotov.html">
<img alt="Дуэль роботов" title="Дуэль роботов" width="192" src="/uploads/articles/ роботов.jpg" />
</a>
</div>
<div class="det">
<a class="details details_btn_play" href="/fighting/duel-robotov.html">ИГРАТЬ</a>
<span class="likes"><i class="fa fa-eye"></i> 0</span>
</div>
</div>
<div class="art_card art_card_new last">
<h5>
<a href="/na-troih/rybka-est-rybku.html">Рыбка ест рыбку</a>
</h5>
<div class="crop-img crop-img1">
<a href="/na-troih/rybka-est-rybku.html">
<img alt="Рыбка ест рыбку" title="Рыбка ест рыбку" width="192" src="/uploads/articles/ ест рыбку.jpg" />
</a>
</div>
<div class="det">
<a class="details details_btn_play" href="/na-troih/rybka-est-rybku.html">ИГРАТЬ</a>
<span class="likes"><i class="fa fa-eye"></i> 23031</span>
</div>
</div>
<div class="art_card art_card_new ">
<h5>
<a href="/shooting/nitrom-must-die.html">Нитром must die</a>
</h5>
<div class="crop-img crop-img1">
<a href="/shooting/nitrom-must-die.html">
<img alt="Нитром must die" title="Нитром must die" width="192" src="/uploads/articles/104_.jpg" />
</a>
</div>
<div class="det">
<a class="details details_btn_play" href="/shooting/nitrom-must-die.html">ИГРАТЬ</a>
<span class="likes"><i class="fa fa-eye"></i> 7533</span>
</div>
</div>
<div class="art_card art_card_new ">
<h5>
<a href="/for-girls/kotiki-v-gneve.html">Котики в гневе</a>
</h5>
<div class="crop-img crop-img1">
<a href="/for-girls/kotiki-v-gneve.html">
<img alt="Котики в гневе" title="Котики в гневе" width="192" src="/uploads/articles/ битва.jpg" />
</a>
</div>
<div class="det">
<a class="details details_btn_play" href="/for-girls/kotiki-v-gneve.html">ИГРАТЬ</a>
<span class="likes"><i class="fa fa-eye"></i> 2139</span>
</div>
</div>
<div class="art_card art_card_new last">
<h5>
<a href="/for-girls/usatye-protiv-lohmatyh.html">Усатые против лохматых</a>
</h5>
<div class="crop-img crop-img1">
<a href="/for-girls/usatye-protiv-lohmatyh.html">
<img alt="Усатые против лохматых" title="Усатые против лохматых" width="192" src="/uploads/articles/ против собак.jpg" />
</a>
</div>
<div class="det">
<a class="details details_btn_play" href="/for-girls/usatye-protiv-lohmatyh.html">ИГРАТЬ</a>
<span class="likes"><i class="fa fa-eye"></i> 2153</span>
</div>
</div>
<div class="art_card art_card_new ">
<h5>
<a href="/adventure/santa-sobiraet-podarki.html">Санта собирает подарки</a>
</h5>
<div class="crop-img crop-img1">
<a href="/adventure/santa-sobiraet-podarki.html">
<img alt="Санта собирает подарки" title="Санта собирает подарки" width="192" src="/uploads/articles/927_.jpg" />
</a>
</div>
<div class="det">
<a class="details details_btn_play" href="/adventure/santa-sobiraet-podarki.html">ИГРАТЬ</a>
<span class="likes"><i class="fa fa-eye"></i> 1736</span>
</div>
</div>
<div class="art_card art_card_new ">
<h5>
<a href="/adventure/mikki-maus-snezhnye-prikljuchenija.html">Микки Маус: Снежные приключения</a>
</h5>
<div class="crop-img crop-img1">
<a href="/adventure/mikki-maus-snezhnye-prikljuchenija.html">
<img alt="Микки Маус: Снежные приключения" title="Микки Маус: Снежные приключения" width="192" src="/uploads/articles/ Маус.jpg" />
</a>
</div>
<div class="det">
<a class="details details_btn_play" href="/adventure/mikki-maus-snezhnye-prikljuchenija.html">ИГРАТЬ</a>
<span class="likes"><i class="fa fa-eye"></i> 2531</span>
</div>
</div>
<div class="art_card art_card_new last">
<h5>
<a href="/for-girls/begun-za-pticami.html">Бегун за птицами</a>
</h5>
<div class="crop-img crop-img1">
<a href="/for-girls/begun-za-pticami.html">
<img alt="Бегун за птицами" title="Бегун за птицами" width="192" src="/uploads/articles/613_ за птицами.jpg" />
</a>
</div>
<div class="det">
<a class="details details_btn_play" href="/for-girls/begun-za-pticami.html">ИГРАТЬ</a>
<span class="likes"><i class="fa fa-eye"></i> 1407</span>
</div>
</div>
<div class="art_card art_card_new ">
<h5>
<a href="/tanchiki/tri-tanka.html">Три танка</a>
</h5>
<div class="crop-img crop-img1">
<a href="/tanchiki/tri-tanka.html">
<img alt="Три танка" title="Три танка" width="192" src="/uploads/articles/794_ танка.jpg" />
</a>
</div>
<div class="det">
<a class="details details_btn_play" href="/tanchiki/tri-tanka.html">ИГРАТЬ</a>
<span class="likes"><i class="fa fa-eye"></i> 6522</span>
</div>
</div>
<div class="art_card art_card_new ">
<h5>
<a href="/adventure/iz-temnoty-na-svet.html">Из темноты на свет</a>
</h5>
<div class="crop-img crop-img1">
<a href="/adventure/iz-temnoty-na-svet.html">
<img alt="Из темноты на свет" title="Из темноты на свет" width="192" src="/uploads/articles/ темноты.jpg" />
</a>
</div>
<div class="det">
<a class="details details_btn_play" href="/adventure/iz-temnoty-na-svet.html">ИГРАТЬ</a>
<span class="likes"><i class="fa fa-eye"></i> 1639</span>
</div>
</div>
<div class="art_card art_card_new last">
<h5>
<a href="/adventure/otec-i-syn-v-lesu.html">Отец и сын в лесу</a>
</h5>
<div class="crop-img crop-img1">
<a href="/adventure/otec-i-syn-v-lesu.html">
<img alt="Отец и сын в лесу" title="Отец и сын в лесу" width="192" src="/uploads/articles/ и сын в лесу.jpg" />
</a>
</div>
<div class="det">
<a class="details details_btn_play" href="/adventure/otec-i-syn-v-lesu.html">ИГРАТЬ</a>
<span class="likes"><i class="fa fa-eye"></i> 2096</span>
</div>
</div>
<div class="art_card art_card_new ">
<h5>
<a href="/adventure/kto-hochet-zhenitsja.html">Кто хочет жениться</a>
</h5>
<div class="crop-img crop-img1">
<a href="/adventure/kto-hochet-zhenitsja.html">
<img alt="Кто хочет жениться" title="Кто хочет жениться" width="192" src="/uploads/articles/ хочет жениться.jpg" />
</a>
</div>
<div class="det">
<a class="details details_btn_play" href="/adventure/kto-hochet-zhenitsja.html">ИГРАТЬ</a>
<span class="likes"><i class="fa fa-eye"></i> 8309</span>
</div>
</div>
<div class="art_card art_card_new ">
<h5>
<a href="/adventure/koza-i-volk-2.html">Коза и волк 2</a>
</h5>
<div class="crop-img crop-img1">
<a href="/adventure/koza-i-volk-2.html">
<img alt="Коза и волк 2" title="Коза и волк 2" width="192" src="/uploads/articles/ и волк 2.jpg" />
</a>
</div>
<div class="det">
<a class="details details_btn_play" href="/adventure/koza-i-volk-2.html">ИГРАТЬ</a>
<span class="likes"><i class="fa fa-eye"></i> 6683</span>
</div>
</div>
<div class="art_card art_card_new last">
<h5>
<a href="/adventure/bratja-pustyni-2.html">Братья пустыни 2</a>
</h5>
<div class="crop-img crop-img1">
<a href="/adventure/bratja-pustyni-2.html">
<img alt="Братья пустыни 2" title="Братья пустыни 2" width="192" src="/uploads/articles/ пустыни 2.jpg" />
</a>
</div>
<div class="det">
<a class="details details_btn_play" href="/adventure/bratja-pustyni-2.html">ИГРАТЬ</a>
<span class="likes"><i class="fa fa-eye"></i> 3960</span>
</div>
</div>
<div class="art_card art_card_new ">
<h5>
<a href="/race/chasovaja-parkovka.html">Часовая парковка</a>
</h5>
<div class="crop-img crop-img1">
<a href="/race/chasovaja-parkovka.html">
<img alt="Часовая парковка" title="Часовая парковка" width="192" src="/uploads/articles/ парковка.jpg" />
</a>
</div>
<div class="det">
<a class="details details_btn_play" href="/race/chasovaja-parkovka.html">ИГРАТЬ</a>
<span class="likes"><i class="fa fa-eye"></i> 5190</span>
</div>
</div>
<div class="art_card art_card_new ">
<h5>
<a href="/adventure/syn-i-papa-spasajut-mat.html">Сын и папа спасают мать</a>
</h5>
<div class="crop-img crop-img1">
<a href="/adventure/syn-i-papa-spasajut-mat.html">
<img alt="Сын и папа спасают мать" title="Сын и папа спасают мать" width="192" src="/uploads/articles/ и папа спасает мать.jpg" />
</a>
</div>
<div class="det">
<a class="details details_btn_play" href="/adventure/syn-i-papa-spasajut-mat.html">ИГРАТЬ</a>
<span class="likes"><i class="fa fa-eye"></i> 4180</span>
</div>
</div>
<div class="art_card art_card_new last">
<h5>
<a href="/adventure/spasti-otca.html">Спасти отца</a>
</h5>
<div class="crop-img crop-img1">
<a href="/adventure/spasti-otca.html">
<img alt="Спасти отца" title="Спасти отца" width="192" src="/uploads/articles/978_ отца.jpg" />
</a>
</div>
<div class="det">
<a class="details details_btn_play" href="/adventure/spasti-otca.html">ИГРАТЬ</a>
<span class="likes"><i class="fa fa-eye"></i> 4760</span>
</div>
</div>
<a id='more' href="#" class="eshe eshe_download"> Показать еще </a>
<div class="title glav-title main-title"><h2><a href="/na-pc.html">Новые на компьютер <i class="fa fa-chevron-circle-right"></i></a></h2></div>
<div class="art_card art_card_best ">
<h5>
<a href="/na-pc/hero-rage-obzor-igry.html">Hero Rage</a>
</h5>
<div class="crop-img crop-img1">
<a href="/na-pc/hero-rage-obzor-igry.html">
<img alt="Hero Rage" title="Hero Rage" width="192" src="/uploads/articles/hero-rage.jpg" />
</a>
</div>
<div class="det">
<a class="details details_btn_play pc_more" href="/na-pc/hero-rage-obzor-igry.html">ПОДРОБНЕЕ</a>
<span class="likes"><i class="fa fa-eye"></i> 1375</span>
</div>
</div>
<div class="art_card art_card_best ">
<h5>
<a href="/na-pc/diablo-3-polnoe-opisanie.html">Diablo 3: полное описание и секреты</a>
</h5>
<div class="crop-img crop-img1">
<a href="/na-pc/diablo-3-polnoe-opisanie.html">
<img alt="Diablo 3: полное описание и секреты" title="Diablo 3: полное описание и секреты" width="192" src="/uploads/articles/diablo-3-polnoe-opisanie.jpg" />
</a>
</div>
<div class="det">
<a class="details details_btn_play pc_more" href="/na-pc/diablo-3-polnoe-opisanie.html">ПОДРОБНЕЕ</a>
<span class="likes"><i class="fa fa-eye"></i> 2256</span>
</div>
</div>
<div class="art_card art_card_best last">
<h5>
<a href="/na-pc/sekrety-igr-ogon-i-voda.html">Секреты игр Огонь и Вода</a>
</h5>
<div class="crop-img crop-img1">
<a href="/na-pc/sekrety-igr-ogon-i-voda.html">
<img alt="Секреты игр Огонь и Вода" title="Секреты игр Огонь и Вода" width="192" src="/uploads/articles/sekrety-igr-ogon-i-voda.jpg" />
</a>
</div>
<div class="det">
<a class="details details_btn_play pc_more" href="/na-pc/sekrety-igr-ogon-i-voda.html">ПОДРОБНЕЕ</a>
<span class="likes"><i class="fa fa-eye"></i> 17459</span>
</div>
</div>
<div class="title glav-title main-title1"><h2>Популярные</h2></div>
<div class="art_card art_card_best ">
<h5>
<a href="/na-troih/tanki-na-troih.html">Танки на троих</a>
</h5>
<div class="crop-img crop-img1">
<a href="/na-troih/tanki-na-troih.html">
<img alt="Танки на троих" title="Танки на троих" width="192" src="/uploads/articles/tanchiki-na-troih1.jpg" />
</a>
</div>
<div class="det">
<a class="details details_btn_play" href="/na-troih/tanki-na-troih.html">ИГРАТЬ</a>
<span class="likes"><i class="fa fa-heart like_main_games"></i> 19482</span>
</div>
</div>
<div class="art_card art_card_best ">
<h5>
<a href="/futball/legenda-futbola.html">Легенда футбола</a>
</h5>
<div class="crop-img crop-img1">
<a href="/futball/legenda-futbola.html">
<img alt="Легенда футбола" title="Легенда футбола" width="192" src="/uploads/articles/legenda-futbola.jpg" />
</a>
</div>
<div class="det">
<a class="details details_btn_play" href="/futball/legenda-futbola.html">ИГРАТЬ</a>
<span class="likes"><i class="fa fa-heart like_main_games"></i> 16606</span>
</div>
</div>
<div class="art_card art_card_best last">
<h5>
<a href="/ogon-i-voda/v-hrustalnom-hrame.html">В Хрустальном Храме</a>
</h5>
<div class="crop-img crop-img1">
<a href="/ogon-i-voda/v-hrustalnom-hrame.html">
<img alt="В Хрустальном Храме" title="В Хрустальном Храме" width="192" src="/uploads/articles/v-hrustalnom-hrame1.jpg" />
</a>
</div>
<div class="det">
<a class="details details_btn_play" href="/ogon-i-voda/v-hrustalnom-hrame.html">ИГРАТЬ</a>
<span class="likes"><i class="fa fa-heart like_main_games"></i> 9884</span>
</div>
</div>
<div class="art_card art_card_best ">
<h5>
<a href="/fighting/udar-mechom.html">Рыцари на двоих</a>
</h5>
<div class="crop-img crop-img1">
<a href="/fighting/udar-mechom.html">
<img alt="Рыцари на двоих" title="Рыцари на двоих" width="192" src="/uploads/articles/udar-mechom.jpg" />
</a>
</div>
<div class="det">
<a class="details details_btn_play" href="/fighting/udar-mechom.html">ИГРАТЬ</a>
 <span class="likes"><i class="fa fa-heart like_main_games"></i> 9820</span>
</div>
</div>
<div class="art_card art_card_best ">
<h5>
<a href="/race/skachki-3-d.html">Скачки 3 д</a>
</h5>
<div class="crop-img crop-img1">
<a href="/race/skachki-3-d.html">
<img alt="Скачки 3 д" title="Скачки 3 д" width="192" src="/uploads/articles/skachki-3-d.jpg" />
</a>
</div>
<div class="det">
<a class="details details_btn_play" href="/race/skachki-3-d.html">ИГРАТЬ</a>
<span class="likes"><i class="fa fa-heart like_main_games"></i> 9029</span>
</div>
</div>
<div class="art_card art_card_best last">
<h5>
<a href="/shooting/super-boyci.html">Супер бойцы</a>
</h5>
<div class="crop-img crop-img1">
<a href="/shooting/super-boyci.html">
<img alt="Супер бойцы" title="Супер бойцы" width="192" src="/uploads/articles/super-boyci.jpg" />
</a>
</div>
<div class="det">
<a class="details details_btn_play" href="/shooting/super-boyci.html">ИГРАТЬ</a>
<span class="likes"><i class="fa fa-heart like_main_games"></i> 8841</span>
</div>
</div>
<div class="art_card art_card_best ">
<h5>
<a href="/bombery/bomb-it-6.html">Бомби это 6</a>
</h5>
<div class="crop-img crop-img1">
<a href="/bombery/bomb-it-6.html">
<img alt="Бомби это 6" title="Бомби это 6" width="192" src="/uploads/articles/bombi-eto-61.jpg" />
</a>
</div>
<div class="det">
<a class="details details_btn_play" href="/bombery/bomb-it-6.html">ИГРАТЬ</a>
<span class="likes"><i class="fa fa-heart like_main_games"></i> 8254</span>
</div>
</div>
<div class="art_card art_card_best ">
<h5>
<a href="/na-troih/begun-2.html">Бегун 2</a>
</h5>
<div class="crop-img crop-img1">
<a href="/na-troih/begun-2.html">
<img alt="Бегун 2" title="Бегун 2" width="192" src="/uploads/articles/begun-2.jpg" />
</a>
</div>
<div class="det">
<a class="details details_btn_play" href="/na-troih/begun-2.html">ИГРАТЬ</a>
<span class="likes"><i class="fa fa-heart like_main_games"></i> 7970</span>
</div>
</div>
<div class="art_card art_card_best last">
<h5>
<a href="/zombi/sumashedshie-zombie.html">Сумасшедшие мечники</a>
</h5>
<div class="crop-img crop-img1">
<a href="/zombi/sumashedshie-zombie.html">
<img alt="Сумасшедшие мечники" title="Сумасшедшие мечники" width="192" src="/uploads/articles/sumashedshie-zombie.jpg" />
</a>
</div>
<div class="det">
<a class="details details_btn_play" href="/zombi/sumashedshie-zombie.html">ИГРАТЬ</a>
<span class="likes"><i class="fa fa-heart like_main_games"></i> 7712</span>
</div>
</div>
<div class="s10"></div>
</div>
</div>
<div class="clr"></div>
<div class="footer">
<div class="cube">
</div>
<div class="copy">
<p class="descr">
Все права на публикацию, принадлежат их владельцам. Весь материал расположенный на сайте, взяты из открытых источников.
</p>
<p class="copyright" style="float: left">Сайт разработан студией <a rel="nofollow" target="_blank" href="http://row-dev.com.ua">ROW-DEV</a></p>
<p style="float: right; margin-top: -5px; margin-right:20px;">

<img src="//counter.yadro.ru/logo?44.6" title="LiveInternet" alt="" border="0" width="31" height="31" />

</p>
<div class="clr"></div>
</div>
<div class="s10"></div>
</div>
<script type="text/javascript"> (function (d, w, c) { (w[c] = w[c] || []).push(function() { try { w.yaCounter32040811 = new Ya.Metrika({ id:32040811, clickmap:true, trackLinks:true, accurateTrackBounce:true, webvisor:true }); } catch(e) { } }); var n = d.getElementsByTagName("script")[0], s = d.createElement("script"), f = function () { n.parentNode.insertBefore(s, n); }; s.type = "text/javascript"; s.async = true; s.src = "https://mc.yandex.ru/metrika/watch.js"; if (w.opera == "[object Opera]") { d.addEventListener("DOMContentLoaded", f, false); } else { f(); } })(document, window, "yandex_metrika_callbacks");</script><noscript><div><img src="https://mc.yandex.ru/watch/32040811" style="position:absolute; left:-9999px;" alt="" /></div></noscript>

<script type="text/javascript"><!--
new Image().src = "//counter.yadro.ru/hit?r"+
escape(document.referrer)+((typeof(screen)=="undefined")?"":
";s"+screen.width+"*"+screen.height+"*"+(screen.colorDepth?
screen.colorDepth:screen.pixelDepth))+";u"+escape(document.URL)+
";"+Math.random();//--></script> </div>
</div>
<script type="text/javascript" src="/usr/js/jquery.min1.js"></script>
<script type="text/javascript" src="/usr/js/jquery.cookie.js"></script>
<script type="text/javascript" src="/usr/js/service.js"></script>
<script type="text/javascript" src="/usr/bootstrap/js/bootstrap.min.js"></script>
<script type="text/javascript">
window.onload=function(){
  var preFlash = $("div.flash").outerWidth();
 	$("div.preloadFlash").outerWidth(preFlash);
 }
 </script>
</body>
</html>