	

<!DOCTYPE html>
<html lang="en">
  <head>
    <meta charset="utf-8">
    <meta http-equiv="X-UA-Compatible" content="IE=edge">
    <meta name="viewport" content="width=device-width, initial-scale=1">
<title>VIRTUAL.SU</title>
<!-- Bootstrap -->
    <link href="/css/bootstrap.min.css" rel="stylesheet">

    <!-- HTML5 shim and Respond.js for IE8 support of HTML5 elements and media queries -->
    <!-- WARNING: Respond.js doesn't work if you view the page via file:// -->
    <!--[if lt IE 9]>
      <script src="https://oss.maxcdn.com/html5shiv/3.7.2/html5shiv.min.js"></script>
      <script src="https://oss.maxcdn.com/respond/1.4.2/respond.min.js"></script>
    <![endif]-->
<link rel="shortcut icon" href="favicon.ico" type="image/x-icon">
<STYLE>
body { background-color:#ffffff }
td {
	font-family: Verdana, Arial, Helvetica, sans-serif;
	font-size: 100%; color: #23404F;
}

//h1 { font-size: 222%; color: #408080; margin-bottom: 13px; margin-top: 1px; font-weight: bolder; }
h1{font-family:Georgia, serif;font-size:2.9em; color: #408080; font-weight:normal;padding-bottom:0.2em;margin-bottom:1em;text-shadow:2px 2px 3px #ccc; display: inline;}

a:link { color: #007DC2; }
a:visited {	color: #606060; }
a:hover	{ color: #D07D00; }

.big { font-size: 380%; font-weight:100; color: #666666; }

.small { font-size: 85%; color: #666666; }

.panel { color: #007DC2; }
a:link.panel { color: #007DC2; }
a:visited.panel { color: #007DC2; }

.p_small { font-size: 85%; }

.subpanel { font-size: 85%; color: #007DC2; }
a:link.subpanel { color: #007DC2; }
a:visited.subpanel { color: #007DC2; }

.reg { font-size: 120%; color: #F7971D; font-weight: bold;}
a:link.reg { color: #F7971D; }
a:visited.reg { color: #F7971D; }

.qw { font-size: 140%; }
a:link.qw { font-size: 120%; font-weight: bold; color: #007DC2;}
a:visited.qw { font-size: 120%; font-weight: bold; color: #007DC2;}

.termstit { font-size: 128%; }

.logo { font-size: 18px; color: #007DC2; }

#footer_menu  { font-size: 11px; color: #007DC2; }


img.flag
{
width:20px;
height:10px;

}

table.menu 
 {
 width:70%;
 }


</STYLE>

</head>

<body>

<center>


<table border="0" cellspacing="0" cellpadding="0" width="70%" Summary="Module Design Table">
  <tr>
    <td width="23"><img src="/images/top-left.gif" border="0" width="23" height="31" alt="Module Border" /></td>
    <td background="/images/top-tile.gif"></td>

    <td width="23"><img src="/images/top-right.gif" border="0" width="23" height="31" alt="Module Border" /></td>
  </tr>
  <tr>
    <td background="/images/left-tile.gif" width="23"></td>

    <td align="left">

      
    <!--  -->
	

<h1>VIRTUAL.SU</h1>

<table class="menu" >
	<tr>
		<td>
	<b> Oбъявления</b><br/><br/>
	
	
	

	
	
<img class="flag" src="/images/flag/russia.png" alt="Россия"> - <a href="http://ru.virtyal.su">Россия</a><br/><br/>

<img class="flag" src="/images/flag/crimea.png" alt="Крым"> - <a href="http://poluostrov.su/">Крым</a><br/><br/>

<img class="flag" src="/images/flag/kazakhstan.png" alt="Казахстан"> - <a href="http://kz.virtyal.su/">Казахстан</a><br/><br/>

<img class="flag" src="/images/flag/ukraine.png" alt="Украина"> - <a href="http://ua.virtyal.su/">Украина</a><br/><br/>

<img class="flag" src="/images/flag/latvia.png" alt="Латвия"> - <a href="http://lv.virtyal.su/">Латвия</a><br/><br/>

<img class="flag" src="/images/flag/uzbekistan.png" alt="Узбекистан"> - <a href="http://uz.virtyal.su/">Узбекистан</a><br/><br/>

<img class="flag" src="/images/flag/moldova.png" alt="Молдова"> - <a href="http://md.virtyal.su/">Молдова</a><br/><br/>

<img class="flag" src="/images/flag/belarus.png" alt="Беларусь"> - <a href="http://by.virtyal.su/">Беларусь</a><br/><br/>

<img class="flag" src="/images/flag/lithuania.png" alt="Литва"> - <a href="http://lt.virtyal.su/">Литва</a><br/><br/>

<img class="flag" src="/images/flag/georgia.png" alt="Грузия"> - <a href="http://ge.virtyal.su/">Грузия</a><br/><br/>

<img class="flag" src="/images/flag/azerbaijan.png" alt="Азербайджан"> - <a href="http://az.virtyal.su/">Азербайджан</a><br/><br/>

<img class="flag" src="/images/flag/armenia.png" alt="Армения"> - <a href="http://am.virtyal.su/">Армения</a><br/><br/>

<img class="flag" src="/images/flag/kyrgyzstan.png" alt="Кыргызстан"> - <a href="http://kg.virtyal.su/">Кыргызстан</a><br/><br/>

<img class="flag" src="/images/flag/tajikistan.png" alt="Таджикистан"> - <a href="http://tj.virtyal.su/">Таджикистан</a><br/><br/>

<img class="flag" src="/images/flag/estonia.png" alt="Эстония"> - <a href="http://ee.virtyal.su/">Эстония</a><br/><br/>

<img class="flag" src="/images/flag/turkmenistan.png" alt="Туркменистан"> - <a href="http://tm.virtyal.su/">Туркменистан</a><br/><br/>

<img class="flag" src="/images/flag/israel.png" alt="Израиль"> - <a href="http://il.virtyal.su/">Израиль</a><br/><br/>



		</td>
		
				<td align="right"  valign="top" >
		
		</td>
		
	</tr>
</table>






<!--  -->
</td>

    <td background="/images/right-tile.gif" width="23"></td>

  </tr>
  <tr>
    <td width="23"><img src="/images/bottom-left.gif" border="0" width="23" height="31" alt="Module Border" /></td>
    <td background="/images/bottom-tile.gif"></td>

    <td width="23"><img src="/images/bottom-right.gif" border="0" width="23" height="31" alt="Module Border" /></td>
  </tr>
</table>





 | <a  id=footer_menu href="http://virtual.su/contact/">Обратная Связь</a> | <a  id=footer_menu href="/policy.php">Privacy</a> - <a  id=footer_menu href="/terms.php">Terms</a> |


<sup><br/><br/>&copy; 2007 - 2018, Virtual.SU</sup>



</center>

  <!-- jQuery (necessary for Bootstrap's JavaScript plugins) -->
    <!-- <script src="https://ajax.googleapis.com/ajax/libs/jquery/1.11.3/jquery.min.js"></script> -->
    <!-- Include all compiled plugins (below), or include individual files as needed -->
    <script src="/js/bootstrap.min.js"></script>
  </body>
</html>
<noscript><link rel="stylesheet" href="/template/main.css"></noscript>